Log file created at: 2021/01/25 15:18:39
Running on machine: benchmark-2
Log line format: [IWEF]mmdd hh:mm:ss.uuuuuu threadid file:line] msg
I0125 15:18:39.568821 32944 global.h:36] NewGlobal 14cudaDeviceProp
I0125 15:18:46.689158 32944 global.h:36] NewGlobal N7oneflow7EnvDescE
I0125 15:18:46.689241 32944 global.h:36] NewGlobal N7oneflow10CtrlServerE
I0125 15:18:46.690079 32944 ctrl_server.cpp:53] CtrlServer listening on 0.0.0.0:51147
I0125 15:18:46.690124 32944 global.h:36] NewGlobal N7oneflow10CtrlClientE
I0125 15:18:46.691059 32944 ctrl_client.cpp:231] LoadServer 127.0.0.1 Successful at 0 times
I0125 15:18:46.691119 32944 global.h:36] NewGlobal N7oneflow10MachineCtxE
I0125 15:18:46.691130 32944 machine_context.cpp:33] this machine id: 0
I0125 15:18:46.691154 32944 global.h:36] NewGlobal N7oneflow12ResourceDescE
I0125 15:18:46.691162 32944 global.h:36] NewGlobal N7oneflow12ResourceDescE
I0125 15:18:46.691176 32944 global.h:36] NewGlobal N7oneflow10ThreadPoolE
I0125 15:18:46.692196 32944 global.h:36] NewGlobal N7oneflow2vm19VirtualMachineScopeE
I0125 15:18:46.692209 32944 global.h:36] NewGlobal N7oneflow9OneflowVME
I0125 15:18:46.700374 32944 global.h:36] NewGlobal N7oneflow27EagerJobBuildAndInferCtxMgrE
I0125 15:18:46.700388 32944 global.h:36] NewGlobal N7oneflow16EagerNcclCommMgrE
I0125 15:18:46.700393 32944 global.h:36] NewGlobal N7oneflow18CudnnConvAlgoCacheE
I0125 15:18:46.704581 32944 job_desc.cpp:82] Set piece_num_of_experiment_phase 19
I0125 15:18:46.710976 32944 cluster_instruction.cpp:84] ClusterInstructionKey/0
I0125 15:18:46.711308 32944 job_desc.cpp:82] Set piece_num_of_experiment_phase 19
I0125 15:18:46.712205 32944 cluster_instruction.cpp:84] ClusterInstructionKey/1
I0125 15:18:46.714601 32944 global.h:41] DeleteGlobal N7oneflow12ResourceDescE
I0125 15:18:46.714618 32944 version.cpp:62] OneFlow git version: bd656c2f0
I0125 15:18:46.714628 32944 version.cpp:70] CUDA runtime version: 10.2
I0125 15:18:46.714638 32944 version.cpp:79] cuDNN version: 7.6.5
I0125 15:18:46.714643 32944 version.cpp:90] NCCL version: 2.8.3
I0125 15:18:46.714648 32944 global.h:36] NewGlobal N7oneflow12ResourceDescE
I0125 15:18:46.714653 32944 global.h:36] NewGlobal N7oneflow6IOConfE
I0125 15:18:46.714661 32944 global.h:55] session_id: 0, NewGlobal N7oneflow6IOConfE
I0125 15:18:46.714665 32944 global.h:36] NewGlobal N7oneflow12ProfilerConfE
I0125 15:18:46.714669 32944 global.h:36] NewGlobal N7oneflow5IDMgrE
I0125 15:18:46.715663 32944 global.h:36] NewGlobal N7oneflow16AvailableMemDescE
I0125 15:18:46.715835 32944 global.h:36] NewGlobal St13unordered_mapISslSt4hashISsESt8equal_toISsESaISt4pairIKSslEEE
I0125 15:18:46.715847 32944 global.h:36] NewGlobal N7oneflow19CriticalSectionDescE
I0125 15:18:46.715850 32944 global.h:36] NewGlobal N7oneflow16InterUserJobInfoE
I0125 15:18:46.715857 32944 global.h:36] NewGlobal N7oneflow26LazyJobBuildAndInferCtxMgrE
I0125 15:18:46.715860 32944 global.h:36] NewGlobal N7oneflow16JobSetCompileCtxE
I0125 15:18:46.715865 32944 global.h:36] NewGlobal N7oneflow26RuntimeBufferManagersScopeE
I0125 15:18:46.715870 32944 global.h:36] NewGlobal N7oneflow9BufferMgrIlEE
I0125 15:18:46.715874 32944 global.h:36] NewGlobal N7oneflow9BufferMgrISt10shared_ptrINS_18ForeignJobInstanceEEEE
I0125 15:18:46.715878 32944 session.h:56] NewGlobal N7oneflow25SessionGlobalObjectsScopeE
I0125 15:18:46.716256 32944 job_desc.cpp:82] Set piece_num_of_experiment_phase 19
I0125 15:18:46.717299 32944 cluster_instruction.cpp:84] ClusterInstructionKey/2
I0125 15:18:46.717494 32944 job_desc.cpp:82] Set piece_num_of_experiment_phase 19
I0125 15:18:46.717855 32944 global.h:36] NewGlobal N7oneflow7JobDescE
I0125 15:18:46.717880 32944 job_desc.cpp:82] Set piece_num_of_experiment_phase 19
I0125 15:18:46.740691 32944 cluster_instruction.cpp:84] ClusterInstructionKey/3
I0125 15:18:46.789896 32944 cluster_instruction.cpp:84] ClusterInstructionKey/4
I0125 15:18:46.853935 32944 cluster_instruction.cpp:84] ClusterInstructionKey/5
I0125 15:18:46.902487 32944 cluster_instruction.cpp:84] ClusterInstructionKey/6
I0125 15:18:46.966984 32944 cluster_instruction.cpp:84] ClusterInstructionKey/7
I0125 15:18:47.015255 32944 cluster_instruction.cpp:84] ClusterInstructionKey/8
I0125 15:18:47.047709 32944 cluster_instruction.cpp:84] ClusterInstructionKey/9
I0125 15:18:47.120326 32944 cluster_instruction.cpp:84] ClusterInstructionKey/10
I0125 15:18:47.168926 32944 cluster_instruction.cpp:84] ClusterInstructionKey/11
I0125 15:18:47.233130 32944 cluster_instruction.cpp:84] ClusterInstructionKey/12
I0125 15:18:47.284032 32944 cluster_instruction.cpp:84] ClusterInstructionKey/13
I0125 15:18:47.318900 32944 cluster_instruction.cpp:84] ClusterInstructionKey/14
I0125 15:18:47.393139 32944 cluster_instruction.cpp:84] ClusterInstructionKey/15
I0125 15:18:47.441327 32944 cluster_instruction.cpp:84] ClusterInstructionKey/16
I0125 15:18:47.473528 32944 cluster_instruction.cpp:84] ClusterInstructionKey/17
I0125 15:18:47.546797 32944 cluster_instruction.cpp:84] ClusterInstructionKey/18
I0125 15:18:47.596021 32944 cluster_instruction.cpp:84] ClusterInstructionKey/19
I0125 15:18:47.628513 32944 cluster_instruction.cpp:84] ClusterInstructionKey/20
I0125 15:18:47.701496 32944 cluster_instruction.cpp:84] ClusterInstructionKey/21
I0125 15:18:47.749758 32944 cluster_instruction.cpp:84] ClusterInstructionKey/22
I0125 15:18:47.814863 32944 cluster_instruction.cpp:84] ClusterInstructionKey/23
I0125 15:18:47.862818 32944 cluster_instruction.cpp:84] ClusterInstructionKey/24
I0125 15:18:47.895351 32944 cluster_instruction.cpp:84] ClusterInstructionKey/25
I0125 15:18:47.968509 32944 cluster_instruction.cpp:84] ClusterInstructionKey/26
I0125 15:18:48.016839 32944 cluster_instruction.cpp:84] ClusterInstructionKey/27
I0125 15:18:48.049562 32944 cluster_instruction.cpp:84] ClusterInstructionKey/28
I0125 15:18:48.122702 32944 cluster_instruction.cpp:84] ClusterInstructionKey/29
I0125 15:18:48.172509 32944 cluster_instruction.cpp:84] ClusterInstructionKey/30
I0125 15:18:48.205222 32944 cluster_instruction.cpp:84] ClusterInstructionKey/31
I0125 15:18:48.278270 32944 cluster_instruction.cpp:84] ClusterInstructionKey/32
I0125 15:18:48.326830 32944 cluster_instruction.cpp:84] ClusterInstructionKey/33
I0125 15:18:48.359526 32944 cluster_instruction.cpp:84] ClusterInstructionKey/34
I0125 15:18:48.433151 32944 cluster_instruction.cpp:84] ClusterInstructionKey/35
I0125 15:18:48.481186 32944 cluster_instruction.cpp:84] ClusterInstructionKey/36
I0125 15:18:48.513556 32944 cluster_instruction.cpp:84] ClusterInstructionKey/37
I0125 15:18:48.586869 32944 cluster_instruction.cpp:84] ClusterInstructionKey/38
I0125 15:18:48.635305 32944 cluster_instruction.cpp:84] ClusterInstructionKey/39
I0125 15:18:48.667873 32944 cluster_instruction.cpp:84] ClusterInstructionKey/40
I0125 15:18:48.741149 32944 cluster_instruction.cpp:84] ClusterInstructionKey/41
I0125 15:18:48.791267 32944 cluster_instruction.cpp:84] ClusterInstructionKey/42
I0125 15:18:48.825209 32944 cluster_instruction.cpp:84] ClusterInstructionKey/43
I0125 15:18:48.902547 32944 cluster_instruction.cpp:84] ClusterInstructionKey/44
I0125 15:18:48.953337 32944 cluster_instruction.cpp:84] ClusterInstructionKey/45
I0125 15:18:48.987900 32944 cluster_instruction.cpp:84] ClusterInstructionKey/46
I0125 15:18:49.064700 32944 cluster_instruction.cpp:84] ClusterInstructionKey/47
I0125 15:18:49.115664 32944 cluster_instruction.cpp:84] ClusterInstructionKey/48
I0125 15:18:49.149821 32944 cluster_instruction.cpp:84] ClusterInstructionKey/49
I0125 15:18:49.227116 32944 cluster_instruction.cpp:84] ClusterInstructionKey/50
I0125 15:18:49.278278 32944 cluster_instruction.cpp:84] ClusterInstructionKey/51
I0125 15:18:49.312898 32944 cluster_instruction.cpp:84] ClusterInstructionKey/52
I0125 15:18:49.388310 32944 cluster_instruction.cpp:84] ClusterInstructionKey/53
I0125 15:18:49.437029 32944 cluster_instruction.cpp:84] ClusterInstructionKey/54
I0125 15:18:49.469605 32944 cluster_instruction.cpp:84] ClusterInstructionKey/55
I0125 15:18:49.543758 32944 cluster_instruction.cpp:84] ClusterInstructionKey/56
I0125 15:18:49.594647 32944 cluster_instruction.cpp:84] ClusterInstructionKey/57
I0125 15:18:49.628808 32944 cluster_instruction.cpp:84] ClusterInstructionKey/58
I0125 15:18:49.706404 32944 cluster_instruction.cpp:84] ClusterInstructionKey/59
I0125 15:18:49.758139 32944 cluster_instruction.cpp:84] ClusterInstructionKey/60
I0125 15:18:49.793004 32944 cluster_instruction.cpp:84] ClusterInstructionKey/61
I0125 15:18:49.870375 32944 cluster_instruction.cpp:84] ClusterInstructionKey/62
I0125 15:18:49.921357 32944 cluster_instruction.cpp:84] ClusterInstructionKey/63
I0125 15:18:49.990789 32944 cluster_instruction.cpp:84] ClusterInstructionKey/64
I0125 15:18:50.020871 32944 cluster_instruction.cpp:84] ClusterInstructionKey/65
I0125 15:18:50.027010 32944 global.h:41] DeleteGlobal N7oneflow7JobDescE
I0125 15:18:50.027038 32944 global.h:36] NewGlobal N7oneflow7JobDescE
I0125 15:18:50.027065 32944 job_desc.cpp:82] Set piece_num_of_experiment_phase 19
I0125 15:18:50.417873 32944 global.h:41] DeleteGlobal N7oneflow7JobDescE
I0125 15:18:50.421242 32944 global.h:36] NewGlobal N7oneflow24InterJobReuseMemStrategyE
I0125 15:18:50.421314 32944 global.h:36] NewGlobal N7oneflow7OneflowE
I0125 15:18:50.426088 32944 job_desc.cpp:82] Set piece_num_of_experiment_phase 19
I0125 15:18:50.427531 32944 global.h:36] NewGlobal N7oneflow7JobDescE
I0125 15:18:50.427559 32944 job_desc.cpp:82] Set piece_num_of_experiment_phase 19
I0125 15:18:51.158010 32944 global.h:36] NewGlobal N7oneflow7OpGraphE
I0125 15:18:52.681290 32944 global.h:41] DeleteGlobal N7oneflow7OpGraphE
I0125 15:18:52.706660 32944 oneflow.cpp:304] compile time: 2.27357e+09
I0125 15:18:52.781908 32944 oneflow.cpp:311] push_pull_plan:2.35256e+09
I0125 15:18:52.797173 32944 oneflow.cpp:336] compile and improve time: 2.36914e+09
I0125 15:18:52.811803 32944 global.h:41] DeleteGlobal N7oneflow7JobDescE
I0125 15:18:52.812104 32944 global.h:36] NewGlobal N7oneflow7JobDescE
I0125 15:18:52.812234 32944 job_desc.cpp:82] Set piece_num_of_experiment_phase 19
I0125 15:18:52.817735 32944 global.h:36] NewGlobal N7oneflow7OpGraphE
I0125 15:18:52.819943 32944 global.h:41] DeleteGlobal N7oneflow7OpGraphE
I0125 15:18:52.820458 32944 oneflow.cpp:304] compile time: 7.97414e+06
I0125 15:18:52.821750 32944 oneflow.cpp:311] push_pull_plan:9.39674e+06
I0125 15:18:52.821992 32944 oneflow.cpp:336] compile and improve time: 9.73594e+06
I0125 15:18:52.822374 32944 global.h:41] DeleteGlobal N7oneflow7JobDescE
I0125 15:18:52.822396 32944 global.h:36] NewGlobal N7oneflow7JobDescE
I0125 15:18:52.822417 32944 job_desc.cpp:82] Set piece_num_of_experiment_phase 19
I0125 15:18:52.827946 32944 global.h:36] NewGlobal N7oneflow7OpGraphE
I0125 15:18:52.829833 32944 global.h:41] DeleteGlobal N7oneflow7OpGraphE
I0125 15:18:52.830299 32944 oneflow.cpp:304] compile time: 7.65747e+06
I0125 15:18:52.831342 32944 oneflow.cpp:311] push_pull_plan:8.86758e+06
I0125 15:18:52.831553 32944 oneflow.cpp:336] compile and improve time: 9.12179e+06
I0125 15:18:52.831840 32944 global.h:41] DeleteGlobal N7oneflow7JobDescE
I0125 15:18:52.846875 32944 global.h:36] NewGlobal N7oneflow7JobDescE
I0125 15:18:52.846961 32944 job_desc.cpp:82] Set piece_num_of_experiment_phase 19
I0125 15:18:52.846988 32944 global.h:36] NewGlobal N7oneflow7OpGraphE
I0125 15:18:52.849738 32944 global.h:41] DeleteGlobal N7oneflow7OpGraphE
I0125 15:18:52.850090 32944 oneflow.cpp:304] compile time: 2.99341e+06
I0125 15:18:52.851295 32944 oneflow.cpp:311] push_pull_plan:4.2752e+06
I0125 15:18:52.851543 32944 oneflow.cpp:336] compile and improve time: 4.55117e+06
I0125 15:18:52.851805 32944 global.h:41] DeleteGlobal N7oneflow7JobDescE
I0125 15:18:52.956180 32944 global.h:36] NewGlobal N7oneflow10RuntimeCtxE
I0125 15:18:52.956399 32944 global.h:36] NewGlobal N7oneflow6boxing10collective24CollectiveBoxingExecutorE
I0125 15:18:52.957490 32944 global.h:36] NewGlobal N7oneflow15MemoryAllocatorE
I0125 15:18:52.957504 32944 global.h:36] NewGlobal N7oneflow8RegstMgrE
I0125 15:18:53.012495 32944 global.h:36] NewGlobal N7oneflow11ActorMsgBusE
I0125 15:18:53.012565 32944 global.h:36] NewGlobal N7oneflow9ThreadMgrE
I0125 15:18:53.016392 32944 global.h:36] NewGlobal N7oneflow6boxing10collective31CollectiveBoxingDeviceCtxPollerE
I0125 15:18:53.016669 32944 global.h:36] NewGlobal N7oneflow15RuntimeJobDescsE
I0125 15:18:53.016777 32944 job_desc.cpp:82] Set piece_num_of_experiment_phase 19
I0125 15:18:53.016844 32944 job_desc.cpp:82] Set piece_num_of_experiment_phase 19
I0125 15:18:53.016861 32944 job_desc.cpp:82] Set piece_num_of_experiment_phase 19
I0125 15:18:53.016876 32944 job_desc.cpp:82] Set piece_num_of_experiment_phase 19
I0125 15:18:53.016883 32944 global.h:36] NewGlobal N7oneflow7summary12EventsWriterE
I0125 15:18:53.017058 32944 runtime_context.cpp:21] NewCounter constructing_actor_cnt 511
I0125 15:18:53.017318 33664 thread.cpp:77] thread 63 construct actor 277076930199553
I0125 15:18:53.017350 33667 thread.cpp:77] thread 66 construct actor 290271069732864
I0125 15:18:53.017418 33595 thread.cpp:77] thread 0 construct actor 462
I0125 15:18:53.018543 33664 tick_compute_actor.cpp:22] actor 277076930199553 switch to &TickComputeActor::HandlerNormal
I0125 15:18:53.018690 33664 runtime_context.cpp:27] DecreaseCounter constructing_actor_cnt, current val is 510
I0125 15:18:53.018712 33664 thread.cpp:77] thread 63 construct actor 277076930199561
I0125 15:18:53.019532 33664 tick_compute_actor.cpp:22] actor 277076930199561 switch to &TickComputeActor::HandlerNormal
I0125 15:18:53.019615 33664 runtime_context.cpp:27] DecreaseCounter constructing_actor_cnt, current val is 509
I0125 15:18:53.019634 33664 thread.cpp:77] thread 63 construct actor 277076930199575
I0125 15:18:53.020397 33664 tick_compute_actor.cpp:22] actor 277076930199575 switch to &TickComputeActor::HandlerNormal
I0125 15:18:53.020476 33664 runtime_context.cpp:27] DecreaseCounter constructing_actor_cnt, current val is 508
I0125 15:18:53.020493 33664 thread.cpp:77] thread 63 construct actor 277076930199579
I0125 15:18:53.021245 33664 tick_compute_actor.cpp:22] actor 277076930199579 switch to &TickComputeActor::HandlerNormal
I0125 15:18:53.021327 33664 runtime_context.cpp:27] DecreaseCounter constructing_actor_cnt, current val is 507
I0125 15:18:53.038704 33595 tick_compute_actor.cpp:22] actor 462 switch to &TickComputeActor::HandlerNormal
I0125 15:18:53.038807 33595 runtime_context.cpp:27] DecreaseCounter constructing_actor_cnt, current val is 506
I0125 15:18:53.038833 33595 thread.cpp:77] thread 0 construct actor 464
I0125 15:18:53.039629 33595 tick_compute_actor.cpp:22] actor 464 switch to &TickComputeActor::HandlerNormal
I0125 15:18:53.039700 33595 runtime_context.cpp:27] DecreaseCounter constructing_actor_cnt, current val is 505
I0125 15:18:53.039723 33595 thread.cpp:77] thread 0 construct actor 465
I0125 15:18:53.040478 33599 thread.cpp:77] thread 2 construct actor 8796093022208
I0125 15:18:53.040483 33664 thread.cpp:77] thread 63 construct actor 277076930199554
I0125 15:18:53.040642 33668 thread.cpp:77] thread 67 construct actor 294669116243968
I0125 15:18:53.040647 33607 thread.cpp:77] thread 6 construct actor 26388279066624
I0125 15:18:53.040697 33665 thread.cpp:77] thread 64 construct actor 281474976710656
I0125 15:18:53.040711 33595 tick_compute_actor.cpp:22] actor 465 switch to &TickComputeActor::HandlerNormal
I0125 15:18:53.040732 33666 thread.cpp:77] thread 65 construct actor 285873023221760
I0125 15:18:53.040937 33668 sink_compute_actor.cpp:21] actor 294669116243968 switch to &SinkCompActor::HandlerNormal
I0125 15:18:53.040961 33595 runtime_context.cpp:27] DecreaseCounter constructing_actor_cnt, current val is 504
I0125 15:18:53.041059 33668 runtime_context.cpp:27] DecreaseCounter constructing_actor_cnt, current val is 503
I0125 15:18:53.041141 33595 thread.cpp:77] thread 0 construct actor 0
I0125 15:18:53.041391 33666 normal_forward_compute_actor.cpp:28] actor 285873023221760 switch to &NormalForwardCompActor::HandlerNormal
I0125 15:18:53.041514 33666 runtime_context.cpp:27] DecreaseCounter constructing_actor_cnt, current val is 502
I0125 15:18:53.041744 33664 tick_compute_actor.cpp:22] actor 277076930199554 switch to &TickComputeActor::HandlerNormal
I0125 15:18:53.041852 33664 runtime_context.cpp:27] DecreaseCounter constructing_actor_cnt, current val is 501
I0125 15:18:53.041970 33664 thread.cpp:77] thread 63 construct actor 277076930199555
I0125 15:18:53.041985 33665 normal_forward_compute_actor.cpp:28] actor 281474976710656 switch to &NormalForwardCompActor::HandlerNormal
I0125 15:18:53.042012 33607 normal_forward_compute_actor.cpp:28] actor 26388279066624 switch to &NormalForwardCompActor::HandlerNormal
I0125 15:18:53.042116 33595 normal_forward_compute_actor.cpp:28] actor 0 switch to &NormalForwardCompActor::HandlerNormal
I0125 15:18:53.042513 33599 copy_hd_actor.cpp:23] actor 8796093022208 switch to &CopyHdActor::HandlerNormal
I0125 15:18:53.042523 33665 runtime_context.cpp:27] DecreaseCounter constructing_actor_cnt, current val is 500
I0125 15:18:53.042667 33595 runtime_context.cpp:27] DecreaseCounter constructing_actor_cnt, current val is 498
I0125 15:18:53.042650 33607 runtime_context.cpp:27] DecreaseCounter constructing_actor_cnt, current val is 499
I0125 15:18:53.042695 33599 runtime_context.cpp:27] DecreaseCounter constructing_actor_cnt, current val is 497
I0125 15:18:53.042691 33595 thread.cpp:77] thread 0 construct actor 1
I0125 15:18:53.042711 33607 thread.cpp:77] thread 6 construct actor 26388279066625
I0125 15:18:53.042726 33599 thread.cpp:77] thread 2 construct actor 8796093022209
I0125 15:18:53.043403 33664 tick_compute_actor.cpp:22] actor 277076930199555 switch to &TickComputeActor::HandlerNormal
I0125 15:18:53.043524 33664 runtime_context.cpp:27] DecreaseCounter constructing_actor_cnt, current val is 496
I0125 15:18:53.043552 33664 thread.cpp:77] thread 63 construct actor 277076930199556
I0125 15:18:53.043633 33595 normal_forward_compute_actor.cpp:28] actor 1 switch to &NormalForwardCompActor::HandlerNormal
I0125 15:18:53.043723 33595 runtime_context.cpp:27] DecreaseCounter constructing_actor_cnt, current val is 495
I0125 15:18:53.043766 33595 thread.cpp:77] thread 0 construct actor 2
I0125 15:18:53.043774 33607 normal_forward_compute_actor.cpp:28] actor 26388279066625 switch to &NormalForwardCompActor::HandlerNormal
I0125 15:18:53.043875 33607 runtime_context.cpp:27] DecreaseCounter constructing_actor_cnt, current val is 494
I0125 15:18:53.044404 33599 copy_hd_actor.cpp:23] actor 8796093022209 switch to &CopyHdActor::HandlerNormal
I0125 15:18:53.044504 33599 runtime_context.cpp:27] DecreaseCounter constructing_actor_cnt, current val is 493
I0125 15:18:53.044551 33599 thread.cpp:77] thread 2 construct actor 8796093022210
I0125 15:18:53.044585 33664 tick_compute_actor.cpp:22] actor 277076930199556 switch to &TickComputeActor::HandlerNormal
I0125 15:18:53.044677 33664 runtime_context.cpp:27] DecreaseCounter constructing_actor_cnt, current val is 492
I0125 15:18:53.044713 33664 thread.cpp:77] thread 63 construct actor 277076930199593
I0125 15:18:53.045701 33664 esac_compute_actor.cpp:36] actor 277076930199593 switch to &EsacCompActor::HandlerNormal
I0125 15:18:53.045773 33664 runtime_context.cpp:27] DecreaseCounter constructing_actor_cnt, current val is 491
I0125 15:18:53.045794 33664 thread.cpp:77] thread 63 construct actor 277076930199558
I0125 15:18:53.046176 33599 copy_hd_actor.cpp:23] actor 8796093022210 switch to &CopyHdActor::HandlerNormal
I0125 15:18:53.046260 33599 runtime_context.cpp:27] DecreaseCounter constructing_actor_cnt, current val is 490
I0125 15:18:53.046283 33599 thread.cpp:77] thread 2 construct actor 8796093022211
I0125 15:18:53.046324 33595 normal_forward_compute_actor.cpp:28] actor 2 switch to &NormalForwardCompActor::HandlerNormal
I0125 15:18:53.046459 33595 runtime_context.cpp:27] DecreaseCounter constructing_actor_cnt, current val is 489
I0125 15:18:53.046499 33595 thread.cpp:77] thread 0 construct actor 3
I0125 15:18:53.046790 33664 tick_compute_actor.cpp:22] actor 277076930199558 switch to &TickComputeActor::HandlerNormal
I0125 15:18:53.046892 33664 runtime_context.cpp:27] DecreaseCounter constructing_actor_cnt, current val is 488
I0125 15:18:53.046919 33664 thread.cpp:77] thread 63 construct actor 277076930199559
I0125 15:18:53.047304 33595 normal_forward_compute_actor.cpp:28] actor 3 switch to &NormalForwardCompActor::HandlerNormal
I0125 15:18:53.047473 33595 runtime_context.cpp:27] DecreaseCounter constructing_actor_cnt, current val is 487
I0125 15:18:53.047504 33595 thread.cpp:77] thread 0 construct actor 4
I0125 15:18:53.047895 33664 tick_compute_actor.cpp:22] actor 277076930199559 switch to &TickComputeActor::HandlerNormal
I0125 15:18:53.047901 33599 copy_hd_actor.cpp:23] actor 8796093022211 switch to &CopyHdActor::HandlerNormal
I0125 15:18:53.047986 33664 runtime_context.cpp:27] DecreaseCounter constructing_actor_cnt, current val is 486
I0125 15:18:53.048008 33599 runtime_context.cpp:27] DecreaseCounter constructing_actor_cnt, current val is 485
I0125 15:18:53.048008 33664 thread.cpp:77] thread 63 construct actor 277076930199560
I0125 15:18:53.048293 33595 normal_forward_compute_actor.cpp:28] actor 4 switch to &NormalForwardCompActor::HandlerNormal
I0125 15:18:53.048372 33595 runtime_context.cpp:27] DecreaseCounter constructing_actor_cnt, current val is 484
I0125 15:18:53.048390 33595 thread.cpp:77] thread 0 construct actor 5
I0125 15:18:53.049054 33664 tick_compute_actor.cpp:22] actor 277076930199560 switch to &TickComputeActor::HandlerNormal
I0125 15:18:53.049149 33664 runtime_context.cpp:27] DecreaseCounter constructing_actor_cnt, current val is 483
I0125 15:18:53.049154 33595 normal_forward_compute_actor.cpp:28] actor 5 switch to &NormalForwardCompActor::HandlerNormal
I0125 15:18:53.049208 33664 thread.cpp:77] thread 63 construct actor 277076930199592
I0125 15:18:53.049265 33595 runtime_context.cpp:27] DecreaseCounter constructing_actor_cnt, current val is 482
I0125 15:18:53.049299 33595 thread.cpp:77] thread 0 construct actor 6
I0125 15:18:53.050050 33595 normal_forward_compute_actor.cpp:28] actor 6 switch to &NormalForwardCompActor::HandlerNormal
I0125 15:18:53.050124 33595 runtime_context.cpp:27] DecreaseCounter constructing_actor_cnt, current val is 481
I0125 15:18:53.050143 33595 thread.cpp:77] thread 0 construct actor 7
I0125 15:18:53.050290 33664 esac_compute_actor.cpp:36] actor 277076930199592 switch to &EsacCompActor::HandlerNormal
I0125 15:18:53.050403 33664 runtime_context.cpp:27] DecreaseCounter constructing_actor_cnt, current val is 480
I0125 15:18:53.050443 33664 thread.cpp:77] thread 63 construct actor 277076930199563
I0125 15:18:53.051429 33664 tick_compute_actor.cpp:22] actor 277076930199563 switch to &TickComputeActor::HandlerNormal
I0125 15:18:53.051507 33664 runtime_context.cpp:27] DecreaseCounter constructing_actor_cnt, current val is 479
I0125 15:18:53.051528 33664 thread.cpp:77] thread 63 construct actor 277076930199564
I0125 15:18:53.052052 33595 normal_forward_compute_actor.cpp:28] actor 7 switch to &NormalForwardCompActor::HandlerNormal
I0125 15:18:53.052188 33595 runtime_context.cpp:27] DecreaseCounter constructing_actor_cnt, current val is 478
I0125 15:18:53.052211 33595 thread.cpp:77] thread 0 construct actor 8
I0125 15:18:53.052430 33664 tick_compute_actor.cpp:22] actor 277076930199564 switch to &TickComputeActor::HandlerNormal
I0125 15:18:53.052510 33664 runtime_context.cpp:27] DecreaseCounter constructing_actor_cnt, current val is 477
I0125 15:18:53.052531 33664 thread.cpp:77] thread 63 construct actor 277076930199565
I0125 15:18:53.053004 33595 normal_forward_compute_actor.cpp:28] actor 8 switch to &NormalForwardCompActor::HandlerNormal
I0125 15:18:53.053081 33595 runtime_context.cpp:27] DecreaseCounter constructing_actor_cnt, current val is 476
I0125 15:18:53.053099 33595 thread.cpp:77] thread 0 construct actor 9
I0125 15:18:53.053427 33664 tick_compute_actor.cpp:22] actor 277076930199565 switch to &TickComputeActor::HandlerNormal
I0125 15:18:53.053524 33664 runtime_context.cpp:27] DecreaseCounter constructing_actor_cnt, current val is 475
I0125 15:18:53.053560 33664 thread.cpp:77] thread 63 construct actor 277076930199591
I0125 15:18:53.054431 33664 tick_compute_actor.cpp:22] actor 277076930199591 switch to &TickComputeActor::HandlerNormal
I0125 15:18:53.054510 33664 runtime_context.cpp:27] DecreaseCounter constructing_actor_cnt, current val is 474
I0125 15:18:53.054531 33664 thread.cpp:77] thread 63 construct actor 277076930199567
I0125 15:18:53.055423 33595 normal_forward_compute_actor.cpp:28] actor 9 switch to &NormalForwardCompActor::HandlerNormal
I0125 15:18:53.055565 33664 tick_compute_actor.cpp:22] actor 277076930199567 switch to &TickComputeActor::HandlerNormal
I0125 15:18:53.055603 33595 runtime_context.cpp:27] DecreaseCounter constructing_actor_cnt, current val is 473
I0125 15:18:53.055625 33595 thread.cpp:77] thread 0 construct actor 10
I0125 15:18:53.055629 33664 runtime_context.cpp:27] DecreaseCounter constructing_actor_cnt, current val is 472
I0125 15:18:53.055653 33664 thread.cpp:77] thread 63 construct actor 277076930199568
I0125 15:18:53.056375 33595 normal_forward_compute_actor.cpp:28] actor 10 switch to &NormalForwardCompActor::HandlerNormal
I0125 15:18:53.056452 33595 runtime_context.cpp:27] DecreaseCounter constructing_actor_cnt, current val is 471
I0125 15:18:53.056469 33595 thread.cpp:77] thread 0 construct actor 11
I0125 15:18:53.056548 33664 tick_compute_actor.cpp:22] actor 277076930199568 switch to &TickComputeActor::HandlerNormal
I0125 15:18:53.056628 33664 runtime_context.cpp:27] DecreaseCounter constructing_actor_cnt, current val is 470
I0125 15:18:53.056649 33664 thread.cpp:77] thread 63 construct actor 277076930199569
I0125 15:18:53.057204 33595 normal_forward_compute_actor.cpp:28] actor 11 switch to &NormalForwardCompActor::HandlerNormal
I0125 15:18:53.057279 33595 runtime_context.cpp:27] DecreaseCounter constructing_actor_cnt, current val is 469
I0125 15:18:53.057297 33595 thread.cpp:77] thread 0 construct actor 12
I0125 15:18:53.057569 33664 tick_compute_actor.cpp:22] actor 277076930199569 switch to &TickComputeActor::HandlerNormal
I0125 15:18:53.057651 33664 runtime_context.cpp:27] DecreaseCounter constructing_actor_cnt, current val is 468
I0125 15:18:53.057672 33664 thread.cpp:77] thread 63 construct actor 277076930199590
I0125 15:18:53.058017 33595 normal_forward_compute_actor.cpp:28] actor 12 switch to &NormalForwardCompActor::HandlerNormal
I0125 15:18:53.058086 33595 runtime_context.cpp:27] DecreaseCounter constructing_actor_cnt, current val is 467
I0125 15:18:53.058104 33595 thread.cpp:77] thread 0 construct actor 13
I0125 15:18:53.058598 33664 tick_compute_actor.cpp:22] actor 277076930199590 switch to &TickComputeActor::HandlerNormal
I0125 15:18:53.058681 33664 runtime_context.cpp:27] DecreaseCounter constructing_actor_cnt, current val is 466
I0125 15:18:53.058702 33664 thread.cpp:77] thread 63 construct actor 277076930199571
I0125 15:18:53.058837 33595 normal_forward_compute_actor.cpp:28] actor 13 switch to &NormalForwardCompActor::HandlerNormal
I0125 15:18:53.058909 33595 runtime_context.cpp:27] DecreaseCounter constructing_actor_cnt, current val is 465
I0125 15:18:53.058928 33595 thread.cpp:77] thread 0 construct actor 14
I0125 15:18:53.059625 33664 tick_compute_actor.cpp:22] actor 277076930199571 switch to &TickComputeActor::HandlerNormal
I0125 15:18:53.059720 33664 runtime_context.cpp:27] DecreaseCounter constructing_actor_cnt, current val is 464
I0125 15:18:53.059741 33664 thread.cpp:77] thread 63 construct actor 277076930199572
I0125 15:18:53.060626 33664 tick_compute_actor.cpp:22] actor 277076930199572 switch to &TickComputeActor::HandlerNormal
I0125 15:18:53.060704 33664 runtime_context.cpp:27] DecreaseCounter constructing_actor_cnt, current val is 463
I0125 15:18:53.060724 33664 thread.cpp:77] thread 63 construct actor 277076930199573
I0125 15:18:53.061129 33595 normal_forward_compute_actor.cpp:28] actor 14 switch to &NormalForwardCompActor::HandlerNormal
I0125 15:18:53.061257 33595 runtime_context.cpp:27] DecreaseCounter constructing_actor_cnt, current val is 462
I0125 15:18:53.061278 33595 thread.cpp:77] thread 0 construct actor 15
I0125 15:18:53.061645 33664 tick_compute_actor.cpp:22] actor 277076930199573 switch to &TickComputeActor::HandlerNormal
I0125 15:18:53.061733 33664 runtime_context.cpp:27] DecreaseCounter constructing_actor_cnt, current val is 461
I0125 15:18:53.061765 33664 thread.cpp:77] thread 63 construct actor 277076930199589
I0125 15:18:53.062602 33595 normal_forward_compute_actor.cpp:28] actor 15 switch to &NormalForwardCompActor::HandlerNormal
I0125 15:18:53.062655 33664 tick_compute_actor.cpp:22] actor 277076930199589 switch to &TickComputeActor::HandlerNormal
I0125 15:18:53.062741 33595 runtime_context.cpp:27] DecreaseCounter constructing_actor_cnt, current val is 460
I0125 15:18:53.062750 33664 runtime_context.cpp:27] DecreaseCounter constructing_actor_cnt, current val is 459
I0125 15:18:53.062767 33595 thread.cpp:77] thread 0 construct actor 16
I0125 15:18:53.062788 33664 thread.cpp:77] thread 63 construct actor 277076930199576
I0125 15:18:53.063659 33664 tick_compute_actor.cpp:22] actor 277076930199576 switch to &TickComputeActor::HandlerNormal
I0125 15:18:53.063741 33664 runtime_context.cpp:27] DecreaseCounter constructing_actor_cnt, current val is 458
I0125 15:18:53.063762 33664 thread.cpp:77] thread 63 construct actor 277076930199577
I0125 15:18:53.064002 33595 normal_forward_compute_actor.cpp:28] actor 16 switch to &NormalForwardCompActor::HandlerNormal
I0125 15:18:53.064090 33595 runtime_context.cpp:27] DecreaseCounter constructing_actor_cnt, current val is 457
I0125 15:18:53.064110 33595 thread.cpp:77] thread 0 construct actor 17
I0125 15:18:53.064599 33664 tick_compute_actor.cpp:22] actor 277076930199577 switch to &TickComputeActor::HandlerNormal
I0125 15:18:53.064673 33664 runtime_context.cpp:27] DecreaseCounter constructing_actor_cnt, current val is 456
I0125 15:18:53.064693 33664 thread.cpp:77] thread 63 construct actor 277076930199578
I0125 15:18:53.064821 33595 normal_forward_compute_actor.cpp:28] actor 17 switch to &NormalForwardCompActor::HandlerNormal
I0125 15:18:53.064890 33595 runtime_context.cpp:27] DecreaseCounter constructing_actor_cnt, current val is 455
I0125 15:18:53.064908 33595 thread.cpp:77] thread 0 construct actor 18
I0125 15:18:53.065562 33664 tick_compute_actor.cpp:22] actor 277076930199578 switch to &TickComputeActor::HandlerNormal
I0125 15:18:53.065642 33664 runtime_context.cpp:27] DecreaseCounter constructing_actor_cnt, current val is 454
I0125 15:18:53.065662 33664 thread.cpp:77] thread 63 construct actor 277076930199588
I0125 15:18:53.066502 33664 tick_compute_actor.cpp:22] actor 277076930199588 switch to &TickComputeActor::HandlerNormal
I0125 15:18:53.066579 33664 runtime_context.cpp:27] DecreaseCounter constructing_actor_cnt, current val is 453
I0125 15:18:53.066599 33664 thread.cpp:77] thread 63 construct actor 277076930199581
I0125 15:18:53.067077 33595 normal_forward_compute_actor.cpp:28] actor 18 switch to &NormalForwardCompActor::HandlerNormal
I0125 15:18:53.067193 33595 runtime_context.cpp:27] DecreaseCounter constructing_actor_cnt, current val is 452
I0125 15:18:53.067229 33595 thread.cpp:77] thread 0 construct actor 19
I0125 15:18:53.067467 33664 tick_compute_actor.cpp:22] actor 277076930199581 switch to &TickComputeActor::HandlerNormal
I0125 15:18:53.067545 33664 runtime_context.cpp:27] DecreaseCounter constructing_actor_cnt, current val is 451
I0125 15:18:53.067565 33664 thread.cpp:77] thread 63 construct actor 277076930199582
I0125 15:18:53.067929 33595 normal_forward_compute_actor.cpp:28] actor 19 switch to &NormalForwardCompActor::HandlerNormal
I0125 15:18:53.068002 33595 runtime_context.cpp:27] DecreaseCounter constructing_actor_cnt, current val is 450
I0125 15:18:53.068019 33595 thread.cpp:77] thread 0 construct actor 20
I0125 15:18:53.068423 33664 tick_compute_actor.cpp:22] actor 277076930199582 switch to &TickComputeActor::HandlerNormal
I0125 15:18:53.068496 33664 runtime_context.cpp:27] DecreaseCounter constructing_actor_cnt, current val is 449
I0125 15:18:53.068516 33664 thread.cpp:77] thread 63 construct actor 277076930199583
I0125 15:18:53.068715 33595 normal_forward_compute_actor.cpp:28] actor 20 switch to &NormalForwardCompActor::HandlerNormal
I0125 15:18:53.068784 33595 runtime_context.cpp:27] DecreaseCounter constructing_actor_cnt, current val is 448
I0125 15:18:53.068802 33595 thread.cpp:77] thread 0 construct actor 21
I0125 15:18:53.069384 33664 reentrant_lock_compute_actor.cpp:37] actor 277076930199583 switch to &ReentrantLockCompActor::HandlerNormal
I0125 15:18:53.069505 33664 runtime_context.cpp:27] DecreaseCounter constructing_actor_cnt, current val is 447
I0125 15:18:53.069507 33595 normal_forward_compute_actor.cpp:28] actor 21 switch to &NormalForwardCompActor::HandlerNormal
I0125 15:18:53.069552 33664 thread.cpp:77] thread 63 construct actor 277076930199584
I0125 15:18:53.069605 33595 runtime_context.cpp:27] DecreaseCounter constructing_actor_cnt, current val is 446
I0125 15:18:53.069624 33595 thread.cpp:77] thread 0 construct actor 22
I0125 15:18:53.070302 33595 normal_forward_compute_actor.cpp:28] actor 22 switch to &NormalForwardCompActor::HandlerNormal
I0125 15:18:53.070371 33595 runtime_context.cpp:27] DecreaseCounter constructing_actor_cnt, current val is 445
I0125 15:18:53.070400 33595 thread.cpp:77] thread 0 construct actor 23
I0125 15:18:53.072450 33595 normal_forward_compute_actor.cpp:28] actor 23 switch to &NormalForwardCompActor::HandlerNormal
I0125 15:18:53.072572 33595 runtime_context.cpp:27] DecreaseCounter constructing_actor_cnt, current val is 444
I0125 15:18:53.072592 33595 thread.cpp:77] thread 0 construct actor 24
I0125 15:18:53.073289 33595 normal_forward_compute_actor.cpp:28] actor 24 switch to &NormalForwardCompActor::HandlerNormal
I0125 15:18:53.073346 33595 runtime_context.cpp:27] DecreaseCounter constructing_actor_cnt, current val is 443
I0125 15:18:53.073362 33595 thread.cpp:77] thread 0 construct actor 25
I0125 15:18:53.073967 33664 case_compute_actor.cpp:31] actor 277076930199584 switch to &CaseCompActor::HandlerNormal
I0125 15:18:53.074084 33664 runtime_context.cpp:27] DecreaseCounter constructing_actor_cnt, current val is 442
I0125 15:18:53.074102 33664 thread.cpp:77] thread 63 construct actor 277076930199585
I0125 15:18:53.074172 33667 wait_and_send_ids_compute_actor.cpp:27] actor 290271069732864 switch to &WaitAndSendIdsCompActor::HandlerWaitToStart
I0125 15:18:53.074255 33667 runtime_context.cpp:27] DecreaseCounter constructing_actor_cnt, current val is 441
I0125 15:18:53.074914 33664 tick_compute_actor.cpp:22] actor 277076930199585 switch to &TickComputeActor::HandlerNormal
I0125 15:18:53.074970 33664 runtime_context.cpp:27] DecreaseCounter constructing_actor_cnt, current val is 440
I0125 15:18:53.074988 33664 thread.cpp:77] thread 63 construct actor 277076930199586
I0125 15:18:53.075497 33595 normal_forward_compute_actor.cpp:28] actor 25 switch to &NormalForwardCompActor::HandlerNormal
I0125 15:18:53.075596 33595 runtime_context.cpp:27] DecreaseCounter constructing_actor_cnt, current val is 439
I0125 15:18:53.075615 33595 thread.cpp:77] thread 0 construct actor 26
I0125 15:18:53.075793 33664 tick_compute_actor.cpp:22] actor 277076930199586 switch to &TickComputeActor::HandlerNormal
I0125 15:18:53.075865 33664 runtime_context.cpp:27] DecreaseCounter constructing_actor_cnt, current val is 438
I0125 15:18:53.075884 33664 thread.cpp:77] thread 63 construct actor 277076930199587
I0125 15:18:53.076310 33595 normal_forward_compute_actor.cpp:28] actor 26 switch to &NormalForwardCompActor::HandlerNormal
I0125 15:18:53.076377 33595 runtime_context.cpp:27] DecreaseCounter constructing_actor_cnt, current val is 437
I0125 15:18:53.076393 33595 thread.cpp:77] thread 0 construct actor 27
I0125 15:18:53.076684 33664 tick_compute_actor.cpp:22] actor 277076930199587 switch to &TickComputeActor::HandlerNormal
I0125 15:18:53.076758 33664 runtime_context.cpp:27] DecreaseCounter constructing_actor_cnt, current val is 436
I0125 15:18:53.077046 33595 normal_forward_compute_actor.cpp:28] actor 27 switch to &NormalForwardCompActor::HandlerNormal
I0125 15:18:53.077095 33595 runtime_context.cpp:27] DecreaseCounter constructing_actor_cnt, current val is 435
I0125 15:18:53.077109 33595 thread.cpp:77] thread 0 construct actor 28
I0125 15:18:53.077745 33595 normal_forward_compute_actor.cpp:28] actor 28 switch to &NormalForwardCompActor::HandlerNormal
I0125 15:18:53.077793 33595 runtime_context.cpp:27] DecreaseCounter constructing_actor_cnt, current val is 434
I0125 15:18:53.077808 33595 thread.cpp:77] thread 0 construct actor 29
I0125 15:18:53.078512 33595 normal_forward_compute_actor.cpp:28] actor 29 switch to &NormalForwardCompActor::HandlerNormal
I0125 15:18:53.078567 33595 runtime_context.cpp:27] DecreaseCounter constructing_actor_cnt, current val is 433
I0125 15:18:53.078583 33595 thread.cpp:77] thread 0 construct actor 30
I0125 15:18:53.080523 33595 normal_forward_compute_actor.cpp:28] actor 30 switch to &NormalForwardCompActor::HandlerNormal
I0125 15:18:53.080607 33595 runtime_context.cpp:27] DecreaseCounter constructing_actor_cnt, current val is 432
I0125 15:18:53.080624 33595 thread.cpp:77] thread 0 construct actor 31
I0125 15:18:53.081790 33595 normal_forward_compute_actor.cpp:28] actor 31 switch to &NormalForwardCompActor::HandlerNormal
I0125 15:18:53.081859 33595 runtime_context.cpp:27] DecreaseCounter constructing_actor_cnt, current val is 431
I0125 15:18:53.081876 33595 thread.cpp:77] thread 0 construct actor 32
I0125 15:18:53.082947 33595 normal_forward_compute_actor.cpp:28] actor 32 switch to &NormalForwardCompActor::HandlerNormal
I0125 15:18:53.083011 33595 runtime_context.cpp:27] DecreaseCounter constructing_actor_cnt, current val is 430
I0125 15:18:53.083027 33595 thread.cpp:77] thread 0 construct actor 33
I0125 15:18:53.083684 33595 normal_forward_compute_actor.cpp:28] actor 33 switch to &NormalForwardCompActor::HandlerNormal
I0125 15:18:53.083734 33595 runtime_context.cpp:27] DecreaseCounter constructing_actor_cnt, current val is 429
I0125 15:18:53.083750 33595 thread.cpp:77] thread 0 construct actor 34
I0125 15:18:53.085741 33595 normal_forward_compute_actor.cpp:28] actor 34 switch to &NormalForwardCompActor::HandlerNormal
I0125 15:18:53.085814 33595 runtime_context.cpp:27] DecreaseCounter constructing_actor_cnt, current val is 428
I0125 15:18:53.085829 33595 thread.cpp:77] thread 0 construct actor 35
I0125 15:18:53.086477 33595 normal_forward_compute_actor.cpp:28] actor 35 switch to &NormalForwardCompActor::HandlerNormal
I0125 15:18:53.086524 33595 runtime_context.cpp:27] DecreaseCounter constructing_actor_cnt, current val is 427
I0125 15:18:53.086539 33595 thread.cpp:77] thread 0 construct actor 36
I0125 15:18:53.087144 33595 normal_forward_compute_actor.cpp:28] actor 36 switch to &NormalForwardCompActor::HandlerNormal
I0125 15:18:53.087199 33595 runtime_context.cpp:27] DecreaseCounter constructing_actor_cnt, current val is 426
I0125 15:18:53.087215 33595 thread.cpp:77] thread 0 construct actor 37
I0125 15:18:53.087810 33595 normal_forward_compute_actor.cpp:28] actor 37 switch to &NormalForwardCompActor::HandlerNormal
I0125 15:18:53.087855 33595 runtime_context.cpp:27] DecreaseCounter constructing_actor_cnt, current val is 425
I0125 15:18:53.087869 33595 thread.cpp:77] thread 0 construct actor 38
I0125 15:18:53.088479 33595 normal_forward_compute_actor.cpp:28] actor 38 switch to &NormalForwardCompActor::HandlerNormal
I0125 15:18:53.088526 33595 runtime_context.cpp:27] DecreaseCounter constructing_actor_cnt, current val is 424
I0125 15:18:53.088539 33595 thread.cpp:77] thread 0 construct actor 39
I0125 15:18:53.090389 33595 normal_forward_compute_actor.cpp:28] actor 39 switch to &NormalForwardCompActor::HandlerNormal
I0125 15:18:53.090469 33595 runtime_context.cpp:27] DecreaseCounter constructing_actor_cnt, current val is 423
I0125 15:18:53.090485 33595 thread.cpp:77] thread 0 construct actor 40
I0125 15:18:53.091107 33595 normal_forward_compute_actor.cpp:28] actor 40 switch to &NormalForwardCompActor::HandlerNormal
I0125 15:18:53.091156 33595 runtime_context.cpp:27] DecreaseCounter constructing_actor_cnt, current val is 422
I0125 15:18:53.091178 33595 thread.cpp:77] thread 0 construct actor 41
I0125 15:18:53.093099 33595 normal_forward_compute_actor.cpp:28] actor 41 switch to &NormalForwardCompActor::HandlerNormal
I0125 15:18:53.093181 33595 runtime_context.cpp:27] DecreaseCounter constructing_actor_cnt, current val is 421
I0125 15:18:53.093199 33595 thread.cpp:77] thread 0 construct actor 42
I0125 15:18:53.093817 33595 normal_forward_compute_actor.cpp:28] actor 42 switch to &NormalForwardCompActor::HandlerNormal
I0125 15:18:53.093899 33595 runtime_context.cpp:27] DecreaseCounter constructing_actor_cnt, current val is 420
I0125 15:18:53.093917 33595 thread.cpp:77] thread 0 construct actor 43
I0125 15:18:53.094571 33595 normal_forward_compute_actor.cpp:28] actor 43 switch to &NormalForwardCompActor::HandlerNormal
I0125 15:18:53.094619 33595 runtime_context.cpp:27] DecreaseCounter constructing_actor_cnt, current val is 419
I0125 15:18:53.094633 33595 thread.cpp:77] thread 0 construct actor 44
I0125 15:18:53.095223 33595 normal_forward_compute_actor.cpp:28] actor 44 switch to &NormalForwardCompActor::HandlerNormal
I0125 15:18:53.095270 33595 runtime_context.cpp:27] DecreaseCounter constructing_actor_cnt, current val is 418
I0125 15:18:53.095284 33595 thread.cpp:77] thread 0 construct actor 45
I0125 15:18:53.095873 33595 normal_forward_compute_actor.cpp:28] actor 45 switch to &NormalForwardCompActor::HandlerNormal
I0125 15:18:53.095919 33595 runtime_context.cpp:27] DecreaseCounter constructing_actor_cnt, current val is 417
I0125 15:18:53.095932 33595 thread.cpp:77] thread 0 construct actor 46
I0125 15:18:53.097704 33595 normal_forward_compute_actor.cpp:28] actor 46 switch to &NormalForwardCompActor::HandlerNormal
I0125 15:18:53.097784 33595 runtime_context.cpp:27] DecreaseCounter constructing_actor_cnt, current val is 416
I0125 15:18:53.097798 33595 thread.cpp:77] thread 0 construct actor 47
I0125 15:18:53.098394 33595 normal_forward_compute_actor.cpp:28] actor 47 switch to &NormalForwardCompActor::HandlerNormal
I0125 15:18:53.098441 33595 runtime_context.cpp:27] DecreaseCounter constructing_actor_cnt, current val is 415
I0125 15:18:53.098455 33595 thread.cpp:77] thread 0 construct actor 48
I0125 15:18:53.099040 33595 normal_forward_compute_actor.cpp:28] actor 48 switch to &NormalForwardCompActor::HandlerNormal
I0125 15:18:53.099086 33595 runtime_context.cpp:27] DecreaseCounter constructing_actor_cnt, current val is 414
I0125 15:18:53.099098 33595 thread.cpp:77] thread 0 construct actor 49
I0125 15:18:53.099678 33595 normal_forward_compute_actor.cpp:28] actor 49 switch to &NormalForwardCompActor::HandlerNormal
I0125 15:18:53.099723 33595 runtime_context.cpp:27] DecreaseCounter constructing_actor_cnt, current val is 413
I0125 15:18:53.099737 33595 thread.cpp:77] thread 0 construct actor 50
I0125 15:18:53.100324 33595 normal_forward_compute_actor.cpp:28] actor 50 switch to &NormalForwardCompActor::HandlerNormal
I0125 15:18:53.100370 33595 runtime_context.cpp:27] DecreaseCounter constructing_actor_cnt, current val is 412
I0125 15:18:53.100383 33595 thread.cpp:77] thread 0 construct actor 51
I0125 15:18:53.101888 33595 normal_forward_compute_actor.cpp:28] actor 51 switch to &NormalForwardCompActor::HandlerNormal
I0125 15:18:53.101966 33595 runtime_context.cpp:27] DecreaseCounter constructing_actor_cnt, current val is 411
I0125 15:18:53.101980 33595 thread.cpp:77] thread 0 construct actor 52
I0125 15:18:53.103044 33595 normal_forward_compute_actor.cpp:28] actor 52 switch to &NormalForwardCompActor::HandlerNormal
I0125 15:18:53.103108 33595 runtime_context.cpp:27] DecreaseCounter constructing_actor_cnt, current val is 410
I0125 15:18:53.103123 33595 thread.cpp:77] thread 0 construct actor 53
I0125 15:18:53.104182 33595 normal_forward_compute_actor.cpp:28] actor 53 switch to &NormalForwardCompActor::HandlerNormal
I0125 15:18:53.104245 33595 runtime_context.cpp:27] DecreaseCounter constructing_actor_cnt, current val is 409
I0125 15:18:53.104259 33595 thread.cpp:77] thread 0 construct actor 54
I0125 15:18:53.105263 33595 normal_forward_compute_actor.cpp:28] actor 54 switch to &NormalForwardCompActor::HandlerNormal
I0125 15:18:53.105321 33595 runtime_context.cpp:27] DecreaseCounter constructing_actor_cnt, current val is 408
I0125 15:18:53.105336 33595 thread.cpp:77] thread 0 construct actor 55
I0125 15:18:53.105919 33595 normal_forward_compute_actor.cpp:28] actor 55 switch to &NormalForwardCompActor::HandlerNormal
I0125 15:18:53.105967 33595 runtime_context.cpp:27] DecreaseCounter constructing_actor_cnt, current val is 407
I0125 15:18:53.106010 33595 thread.cpp:77] thread 0 construct actor 56
I0125 15:18:53.107828 33595 normal_forward_compute_actor.cpp:28] actor 56 switch to &NormalForwardCompActor::HandlerNormal
I0125 15:18:53.107908 33595 runtime_context.cpp:27] DecreaseCounter constructing_actor_cnt, current val is 406
I0125 15:18:53.107923 33595 thread.cpp:77] thread 0 construct actor 57
I0125 15:18:53.108503 33595 normal_forward_compute_actor.cpp:28] actor 57 switch to &NormalForwardCompActor::HandlerNormal
I0125 15:18:53.108551 33595 runtime_context.cpp:27] DecreaseCounter constructing_actor_cnt, current val is 405
I0125 15:18:53.108563 33595 thread.cpp:77] thread 0 construct actor 58
I0125 15:18:53.109128 33595 normal_forward_compute_actor.cpp:28] actor 58 switch to &NormalForwardCompActor::HandlerNormal
I0125 15:18:53.109180 33595 runtime_context.cpp:27] DecreaseCounter constructing_actor_cnt, current val is 404
I0125 15:18:53.109195 33595 thread.cpp:77] thread 0 construct actor 59
I0125 15:18:53.109745 33595 normal_forward_compute_actor.cpp:28] actor 59 switch to &NormalForwardCompActor::HandlerNormal
I0125 15:18:53.109788 33595 runtime_context.cpp:27] DecreaseCounter constructing_actor_cnt, current val is 403
I0125 15:18:53.109800 33595 thread.cpp:77] thread 0 construct actor 60
I0125 15:18:53.110360 33595 normal_forward_compute_actor.cpp:28] actor 60 switch to &NormalForwardCompActor::HandlerNormal
I0125 15:18:53.110405 33595 runtime_context.cpp:27] DecreaseCounter constructing_actor_cnt, current val is 402
I0125 15:18:53.110419 33595 thread.cpp:77] thread 0 construct actor 61
I0125 15:18:53.112100 33595 normal_forward_compute_actor.cpp:28] actor 61 switch to &NormalForwardCompActor::HandlerNormal
I0125 15:18:53.112183 33595 runtime_context.cpp:27] DecreaseCounter constructing_actor_cnt, current val is 401
I0125 15:18:53.112201 33595 thread.cpp:77] thread 0 construct actor 62
I0125 15:18:53.112771 33595 normal_forward_compute_actor.cpp:28] actor 62 switch to &NormalForwardCompActor::HandlerNormal
I0125 15:18:53.112816 33595 runtime_context.cpp:27] DecreaseCounter constructing_actor_cnt, current val is 400
I0125 15:18:53.112829 33595 thread.cpp:77] thread 0 construct actor 63
I0125 15:18:53.114614 33595 normal_forward_compute_actor.cpp:28] actor 63 switch to &NormalForwardCompActor::HandlerNormal
I0125 15:18:53.114683 33595 runtime_context.cpp:27] DecreaseCounter constructing_actor_cnt, current val is 399
I0125 15:18:53.114698 33595 thread.cpp:77] thread 0 construct actor 64
I0125 15:18:53.115279 33595 normal_forward_compute_actor.cpp:28] actor 64 switch to &NormalForwardCompActor::HandlerNormal
I0125 15:18:53.115324 33595 runtime_context.cpp:27] DecreaseCounter constructing_actor_cnt, current val is 398
I0125 15:18:53.115337 33595 thread.cpp:77] thread 0 construct actor 65
I0125 15:18:53.115892 33595 normal_forward_compute_actor.cpp:28] actor 65 switch to &NormalForwardCompActor::HandlerNormal
I0125 15:18:53.115936 33595 runtime_context.cpp:27] DecreaseCounter constructing_actor_cnt, current val is 397
I0125 15:18:53.115948 33595 thread.cpp:77] thread 0 construct actor 66
I0125 15:18:53.116511 33595 normal_forward_compute_actor.cpp:28] actor 66 switch to &NormalForwardCompActor::HandlerNormal
I0125 15:18:53.116555 33595 runtime_context.cpp:27] DecreaseCounter constructing_actor_cnt, current val is 396
I0125 15:18:53.116567 33595 thread.cpp:77] thread 0 construct actor 67
I0125 15:18:53.117110 33595 normal_forward_compute_actor.cpp:28] actor 67 switch to &NormalForwardCompActor::HandlerNormal
I0125 15:18:53.117153 33595 runtime_context.cpp:27] DecreaseCounter constructing_actor_cnt, current val is 395
I0125 15:18:53.117173 33595 thread.cpp:77] thread 0 construct actor 68
I0125 15:18:53.118801 33595 normal_forward_compute_actor.cpp:28] actor 68 switch to &NormalForwardCompActor::HandlerNormal
I0125 15:18:53.118875 33595 runtime_context.cpp:27] DecreaseCounter constructing_actor_cnt, current val is 394
I0125 15:18:53.118891 33595 thread.cpp:77] thread 0 construct actor 69
I0125 15:18:53.119892 33595 normal_forward_compute_actor.cpp:28] actor 69 switch to &NormalForwardCompActor::HandlerNormal
I0125 15:18:53.119988 33595 runtime_context.cpp:27] DecreaseCounter constructing_actor_cnt, current val is 393
I0125 15:18:53.120018 33595 thread.cpp:77] thread 0 construct actor 70
I0125 15:18:53.120949 33595 normal_forward_compute_actor.cpp:28] actor 70 switch to &NormalForwardCompActor::HandlerNormal
I0125 15:18:53.121006 33595 runtime_context.cpp:27] DecreaseCounter constructing_actor_cnt, current val is 392
I0125 15:18:53.121021 33595 thread.cpp:77] thread 0 construct actor 71
I0125 15:18:53.121575 33595 normal_forward_compute_actor.cpp:28] actor 71 switch to &NormalForwardCompActor::HandlerNormal
I0125 15:18:53.121623 33595 runtime_context.cpp:27] DecreaseCounter constructing_actor_cnt, current val is 391
