Log file created at: 2021/01/25 15:17:39
Running on machine: benchmark-2
Log line format: [IWEF]mmdd hh:mm:ss.uuuuuu threadid file:line] msg
I0125 15:17:39.132162 32138 global.h:36] NewGlobal 14cudaDeviceProp
I0125 15:17:44.567029 32138 global.h:36] NewGlobal N7oneflow7EnvDescE
I0125 15:17:44.567158 32138 global.h:36] NewGlobal N7oneflow10CtrlServerE
I0125 15:17:44.568496 32138 ctrl_server.cpp:53] CtrlServer listening on 0.0.0.0:60905
I0125 15:17:44.568575 32138 global.h:36] NewGlobal N7oneflow10CtrlClientE
I0125 15:17:44.569963 32138 ctrl_client.cpp:231] LoadServer 127.0.0.1 Successful at 0 times
I0125 15:17:44.570067 32138 global.h:36] NewGlobal N7oneflow10MachineCtxE
I0125 15:17:44.570086 32138 machine_context.cpp:33] this machine id: 0
I0125 15:17:44.570128 32138 global.h:36] NewGlobal N7oneflow12ResourceDescE
I0125 15:17:44.570143 32138 global.h:36] NewGlobal N7oneflow12ResourceDescE
I0125 15:17:44.570155 32138 global.h:36] NewGlobal N7oneflow10ThreadPoolE
I0125 15:17:44.571600 32138 global.h:36] NewGlobal N7oneflow2vm19VirtualMachineScopeE
I0125 15:17:44.571621 32138 global.h:36] NewGlobal N7oneflow9OneflowVME
I0125 15:17:44.584378 32138 global.h:36] NewGlobal N7oneflow27EagerJobBuildAndInferCtxMgrE
I0125 15:17:44.584401 32138 global.h:36] NewGlobal N7oneflow16EagerNcclCommMgrE
I0125 15:17:44.584409 32138 global.h:36] NewGlobal N7oneflow18CudnnConvAlgoCacheE
I0125 15:17:44.592118 32138 job_desc.cpp:82] Set piece_num_of_experiment_phase 19
I0125 15:17:44.603989 32138 cluster_instruction.cpp:84] ClusterInstructionKey/0
I0125 15:17:44.604463 32138 job_desc.cpp:82] Set piece_num_of_experiment_phase 19
I0125 15:17:44.605813 32138 cluster_instruction.cpp:84] ClusterInstructionKey/1
I0125 15:17:44.609570 32138 global.h:41] DeleteGlobal N7oneflow12ResourceDescE
I0125 15:17:44.609598 32138 version.cpp:62] OneFlow git version: bd656c2f0
I0125 15:17:44.609612 32138 version.cpp:70] CUDA runtime version: 10.2
I0125 15:17:44.609630 32138 version.cpp:79] cuDNN version: 7.6.5
I0125 15:17:44.609637 32138 version.cpp:90] NCCL version: 2.8.3
I0125 15:17:44.609647 32138 global.h:36] NewGlobal N7oneflow12ResourceDescE
I0125 15:17:44.609655 32138 global.h:36] NewGlobal N7oneflow6IOConfE
I0125 15:17:44.609668 32138 global.h:55] session_id: 0, NewGlobal N7oneflow6IOConfE
I0125 15:17:44.609675 32138 global.h:36] NewGlobal N7oneflow12ProfilerConfE
I0125 15:17:44.609683 32138 global.h:36] NewGlobal N7oneflow5IDMgrE
I0125 15:17:44.611101 32138 global.h:36] NewGlobal N7oneflow16AvailableMemDescE
I0125 15:17:44.611332 32138 global.h:36] NewGlobal St13unordered_mapISslSt4hashISsESt8equal_toISsESaISt4pairIKSslEEE
I0125 15:17:44.611351 32138 global.h:36] NewGlobal N7oneflow19CriticalSectionDescE
I0125 15:17:44.611357 32138 global.h:36] NewGlobal N7oneflow16InterUserJobInfoE
I0125 15:17:44.611366 32138 global.h:36] NewGlobal N7oneflow26LazyJobBuildAndInferCtxMgrE
I0125 15:17:44.611373 32138 global.h:36] NewGlobal N7oneflow16JobSetCompileCtxE
I0125 15:17:44.611382 32138 global.h:36] NewGlobal N7oneflow26RuntimeBufferManagersScopeE
I0125 15:17:44.611389 32138 global.h:36] NewGlobal N7oneflow9BufferMgrIlEE
I0125 15:17:44.611397 32138 global.h:36] NewGlobal N7oneflow9BufferMgrISt10shared_ptrINS_18ForeignJobInstanceEEEE
I0125 15:17:44.611402 32138 session.h:56] NewGlobal N7oneflow25SessionGlobalObjectsScopeE
I0125 15:17:44.612020 32138 job_desc.cpp:82] Set piece_num_of_experiment_phase 19
I0125 15:17:44.613812 32138 cluster_instruction.cpp:84] ClusterInstructionKey/2
I0125 15:17:44.614202 32138 job_desc.cpp:82] Set piece_num_of_experiment_phase 19
I0125 15:17:44.614827 32138 global.h:36] NewGlobal N7oneflow7JobDescE
I0125 15:17:44.614863 32138 job_desc.cpp:82] Set piece_num_of_experiment_phase 19
I0125 15:17:44.653864 32138 cluster_instruction.cpp:84] ClusterInstructionKey/3
I0125 15:17:44.722162 32138 cluster_instruction.cpp:84] ClusterInstructionKey/4
I0125 15:17:44.789402 32138 cluster_instruction.cpp:84] ClusterInstructionKey/5
I0125 15:17:44.840368 32138 cluster_instruction.cpp:84] ClusterInstructionKey/6
I0125 15:17:44.908390 32138 cluster_instruction.cpp:84] ClusterInstructionKey/7
I0125 15:17:44.957998 32138 cluster_instruction.cpp:84] ClusterInstructionKey/8
I0125 15:17:44.993068 32138 cluster_instruction.cpp:84] ClusterInstructionKey/9
I0125 15:17:45.069963 32138 cluster_instruction.cpp:84] ClusterInstructionKey/10
I0125 15:17:45.121373 32138 cluster_instruction.cpp:84] ClusterInstructionKey/11
I0125 15:17:45.187640 32138 cluster_instruction.cpp:84] ClusterInstructionKey/12
I0125 15:17:45.236253 32138 cluster_instruction.cpp:84] ClusterInstructionKey/13
I0125 15:17:45.270557 32138 cluster_instruction.cpp:84] ClusterInstructionKey/14
I0125 15:17:45.345768 32138 cluster_instruction.cpp:84] ClusterInstructionKey/15
I0125 15:17:45.394866 32138 cluster_instruction.cpp:84] ClusterInstructionKey/16
I0125 15:17:45.427336 32138 cluster_instruction.cpp:84] ClusterInstructionKey/17
I0125 15:17:45.501297 32138 cluster_instruction.cpp:84] ClusterInstructionKey/18
I0125 15:17:45.550185 32138 cluster_instruction.cpp:84] ClusterInstructionKey/19
I0125 15:17:45.583916 32138 cluster_instruction.cpp:84] ClusterInstructionKey/20
I0125 15:17:45.657339 32138 cluster_instruction.cpp:84] ClusterInstructionKey/21
I0125 15:17:45.706434 32138 cluster_instruction.cpp:84] ClusterInstructionKey/22
I0125 15:17:45.773155 32138 cluster_instruction.cpp:84] ClusterInstructionKey/23
I0125 15:17:45.824285 32138 cluster_instruction.cpp:84] ClusterInstructionKey/24
I0125 15:17:45.858506 32138 cluster_instruction.cpp:84] ClusterInstructionKey/25
I0125 15:17:45.936267 32138 cluster_instruction.cpp:84] ClusterInstructionKey/26
I0125 15:17:45.986670 32138 cluster_instruction.cpp:84] ClusterInstructionKey/27
I0125 15:17:46.021019 32138 cluster_instruction.cpp:84] ClusterInstructionKey/28
I0125 15:17:46.099324 32138 cluster_instruction.cpp:84] ClusterInstructionKey/29
I0125 15:17:46.150748 32138 cluster_instruction.cpp:84] ClusterInstructionKey/30
I0125 15:17:46.183838 32138 cluster_instruction.cpp:84] ClusterInstructionKey/31
I0125 15:17:46.257052 32138 cluster_instruction.cpp:84] ClusterInstructionKey/32
I0125 15:17:46.306108 32138 cluster_instruction.cpp:84] ClusterInstructionKey/33
I0125 15:17:46.339216 32138 cluster_instruction.cpp:84] ClusterInstructionKey/34
I0125 15:17:46.413344 32138 cluster_instruction.cpp:84] ClusterInstructionKey/35
I0125 15:17:46.462699 32138 cluster_instruction.cpp:84] ClusterInstructionKey/36
I0125 15:17:46.496254 32138 cluster_instruction.cpp:84] ClusterInstructionKey/37
I0125 15:17:46.571146 32138 cluster_instruction.cpp:84] ClusterInstructionKey/38
I0125 15:17:46.621238 32138 cluster_instruction.cpp:84] ClusterInstructionKey/39
I0125 15:17:46.654503 32138 cluster_instruction.cpp:84] ClusterInstructionKey/40
I0125 15:17:46.729773 32138 cluster_instruction.cpp:84] ClusterInstructionKey/41
I0125 15:17:46.779031 32138 cluster_instruction.cpp:84] ClusterInstructionKey/42
I0125 15:17:46.811937 32138 cluster_instruction.cpp:84] ClusterInstructionKey/43
I0125 15:17:46.885694 32138 cluster_instruction.cpp:84] ClusterInstructionKey/44
I0125 15:17:46.934913 32138 cluster_instruction.cpp:84] ClusterInstructionKey/45
I0125 15:17:46.968147 32138 cluster_instruction.cpp:84] ClusterInstructionKey/46
I0125 15:17:47.043010 32138 cluster_instruction.cpp:84] ClusterInstructionKey/47
I0125 15:17:47.092623 32138 cluster_instruction.cpp:84] ClusterInstructionKey/48
I0125 15:17:47.125874 32138 cluster_instruction.cpp:84] ClusterInstructionKey/49
I0125 15:17:47.237339 32138 cluster_instruction.cpp:84] ClusterInstructionKey/50
I0125 15:17:47.321242 32138 cluster_instruction.cpp:84] ClusterInstructionKey/51
I0125 15:17:47.356884 32138 cluster_instruction.cpp:84] ClusterInstructionKey/52
I0125 15:17:47.430817 32138 cluster_instruction.cpp:84] ClusterInstructionKey/53
I0125 15:17:47.479562 32138 cluster_instruction.cpp:84] ClusterInstructionKey/54
I0125 15:17:47.512310 32138 cluster_instruction.cpp:84] ClusterInstructionKey/55
I0125 15:17:47.586210 32138 cluster_instruction.cpp:84] ClusterInstructionKey/56
I0125 15:17:47.634946 32138 cluster_instruction.cpp:84] ClusterInstructionKey/57
I0125 15:17:47.668612 32138 cluster_instruction.cpp:84] ClusterInstructionKey/58
I0125 15:17:47.742213 32138 cluster_instruction.cpp:84] ClusterInstructionKey/59
I0125 15:17:47.790895 32138 cluster_instruction.cpp:84] ClusterInstructionKey/60
I0125 15:17:47.823686 32138 cluster_instruction.cpp:84] ClusterInstructionKey/61
I0125 15:17:47.897027 32138 cluster_instruction.cpp:84] ClusterInstructionKey/62
I0125 15:17:47.945588 32138 cluster_instruction.cpp:84] ClusterInstructionKey/63
I0125 15:17:48.011359 32138 cluster_instruction.cpp:84] ClusterInstructionKey/64
I0125 15:17:48.039394 32138 cluster_instruction.cpp:84] ClusterInstructionKey/65
I0125 15:17:48.045269 32138 global.h:41] DeleteGlobal N7oneflow7JobDescE
I0125 15:17:48.045297 32138 global.h:36] NewGlobal N7oneflow7JobDescE
I0125 15:17:48.045327 32138 job_desc.cpp:82] Set piece_num_of_experiment_phase 19
I0125 15:17:48.420329 32138 global.h:41] DeleteGlobal N7oneflow7JobDescE
I0125 15:17:48.423710 32138 global.h:36] NewGlobal N7oneflow24InterJobReuseMemStrategyE
I0125 15:17:48.423749 32138 global.h:36] NewGlobal N7oneflow7OneflowE
I0125 15:17:48.428594 32138 job_desc.cpp:82] Set piece_num_of_experiment_phase 19
I0125 15:17:48.430003 32138 global.h:36] NewGlobal N7oneflow7JobDescE
I0125 15:17:48.430032 32138 job_desc.cpp:82] Set piece_num_of_experiment_phase 19
I0125 15:17:49.138257 32138 global.h:36] NewGlobal N7oneflow7OpGraphE
I0125 15:17:50.665122 32138 global.h:41] DeleteGlobal N7oneflow7OpGraphE
I0125 15:17:50.686487 32138 oneflow.cpp:304] compile time: 2.25095e+09
I0125 15:17:50.763828 32138 oneflow.cpp:311] push_pull_plan:2.33202e+09
I0125 15:17:50.779568 32138 oneflow.cpp:336] compile and improve time: 2.34907e+09
I0125 15:17:50.793882 32138 global.h:41] DeleteGlobal N7oneflow7JobDescE
I0125 15:17:50.794174 32138 global.h:36] NewGlobal N7oneflow7JobDescE
I0125 15:17:50.794301 32138 job_desc.cpp:82] Set piece_num_of_experiment_phase 19
I0125 15:17:50.800161 32138 global.h:36] NewGlobal N7oneflow7OpGraphE
I0125 15:17:50.802518 32138 global.h:41] DeleteGlobal N7oneflow7OpGraphE
I0125 15:17:50.803041 32138 oneflow.cpp:304] compile time: 8.48512e+06
I0125 15:17:50.804414 32138 oneflow.cpp:311] push_pull_plan:9.98963e+06
I0125 15:17:50.804672 32138 oneflow.cpp:336] compile and improve time: 1.03475e+07
I0125 15:17:50.805059 32138 global.h:41] DeleteGlobal N7oneflow7JobDescE
I0125 15:17:50.805079 32138 global.h:36] NewGlobal N7oneflow7JobDescE
I0125 15:17:50.805102 32138 job_desc.cpp:82] Set piece_num_of_experiment_phase 19
I0125 15:17:50.810961 32138 global.h:36] NewGlobal N7oneflow7OpGraphE
I0125 15:17:50.812986 32138 global.h:41] DeleteGlobal N7oneflow7OpGraphE
I0125 15:17:50.813477 32138 oneflow.cpp:304] compile time: 8.1449e+06
I0125 15:17:50.814584 32138 oneflow.cpp:311] push_pull_plan:9.41722e+06
I0125 15:17:50.814810 32138 oneflow.cpp:336] compile and improve time: 9.69216e+06
I0125 15:17:50.815114 32138 global.h:41] DeleteGlobal N7oneflow7JobDescE
I0125 15:17:50.829520 32138 global.h:36] NewGlobal N7oneflow7JobDescE
I0125 15:17:50.829568 32138 job_desc.cpp:82] Set piece_num_of_experiment_phase 19
I0125 15:17:50.829581 32138 global.h:36] NewGlobal N7oneflow7OpGraphE
I0125 15:17:50.832551 32138 global.h:41] DeleteGlobal N7oneflow7OpGraphE
I0125 15:17:50.832921 32138 oneflow.cpp:304] compile time: 3.22714e+06
I0125 15:17:50.834208 32138 oneflow.cpp:311] push_pull_plan:4.5911e+06
I0125 15:17:50.834470 32138 oneflow.cpp:336] compile and improve time: 4.88576e+06
I0125 15:17:50.834744 32138 global.h:41] DeleteGlobal N7oneflow7JobDescE
I0125 15:17:50.937338 32138 global.h:36] NewGlobal N7oneflow10RuntimeCtxE
I0125 15:17:50.937525 32138 global.h:36] NewGlobal N7oneflow6boxing10collective24CollectiveBoxingExecutorE
I0125 15:17:50.938207 32138 global.h:36] NewGlobal N7oneflow15MemoryAllocatorE
I0125 15:17:50.938221 32138 global.h:36] NewGlobal N7oneflow8RegstMgrE
I0125 15:17:51.058187 32138 global.h:36] NewGlobal N7oneflow11ActorMsgBusE
I0125 15:17:51.058259 32138 global.h:36] NewGlobal N7oneflow9ThreadMgrE
I0125 15:17:51.062016 32138 global.h:36] NewGlobal N7oneflow6boxing10collective31CollectiveBoxingDeviceCtxPollerE
I0125 15:17:51.062254 32138 global.h:36] NewGlobal N7oneflow15RuntimeJobDescsE
I0125 15:17:51.064877 32138 job_desc.cpp:82] Set piece_num_of_experiment_phase 19
I0125 15:17:51.064914 32138 job_desc.cpp:82] Set piece_num_of_experiment_phase 19
I0125 15:17:51.064932 32138 job_desc.cpp:82] Set piece_num_of_experiment_phase 19
I0125 15:17:51.064946 32138 job_desc.cpp:82] Set piece_num_of_experiment_phase 19
I0125 15:17:51.064954 32138 global.h:36] NewGlobal N7oneflow7summary12EventsWriterE
I0125 15:17:51.065076 32138 runtime_context.cpp:21] NewCounter constructing_actor_cnt 511
I0125 15:17:51.065349 32816 thread.cpp:77] thread 66 construct actor 290271069732864
I0125 15:17:51.065352 32813 thread.cpp:77] thread 63 construct actor 277076930199553
I0125 15:17:51.065352 32744 thread.cpp:77] thread 0 construct actor 462
I0125 15:17:51.066684 32813 tick_compute_actor.cpp:22] actor 277076930199553 switch to &TickComputeActor::HandlerNormal
I0125 15:17:51.066855 32813 runtime_context.cpp:27] DecreaseCounter constructing_actor_cnt, current val is 510
I0125 15:17:51.066880 32813 thread.cpp:77] thread 63 construct actor 277076930199561
I0125 15:17:51.067859 32813 tick_compute_actor.cpp:22] actor 277076930199561 switch to &TickComputeActor::HandlerNormal
I0125 15:17:51.067972 32813 runtime_context.cpp:27] DecreaseCounter constructing_actor_cnt, current val is 509
I0125 15:17:51.067993 32813 thread.cpp:77] thread 63 construct actor 277076930199575
I0125 15:17:51.068907 32813 tick_compute_actor.cpp:22] actor 277076930199575 switch to &TickComputeActor::HandlerNormal
I0125 15:17:51.069012 32813 runtime_context.cpp:27] DecreaseCounter constructing_actor_cnt, current val is 508
I0125 15:17:51.069032 32813 thread.cpp:77] thread 63 construct actor 277076930199579
I0125 15:17:51.069938 32813 tick_compute_actor.cpp:22] actor 277076930199579 switch to &TickComputeActor::HandlerNormal
I0125 15:17:51.070072 32813 runtime_context.cpp:27] DecreaseCounter constructing_actor_cnt, current val is 507
I0125 15:17:51.082909 32744 tick_compute_actor.cpp:22] actor 462 switch to &TickComputeActor::HandlerNormal
I0125 15:17:51.082998 32744 runtime_context.cpp:27] DecreaseCounter constructing_actor_cnt, current val is 506
I0125 15:17:51.083025 32744 thread.cpp:77] thread 0 construct actor 464
I0125 15:17:51.083882 32744 tick_compute_actor.cpp:22] actor 464 switch to &TickComputeActor::HandlerNormal
I0125 15:17:51.083942 32744 runtime_context.cpp:27] DecreaseCounter constructing_actor_cnt, current val is 505
I0125 15:17:51.083966 32744 thread.cpp:77] thread 0 construct actor 465
I0125 15:17:51.084645 32748 thread.cpp:77] thread 2 construct actor 8796093022208
I0125 15:17:51.084664 32813 thread.cpp:77] thread 63 construct actor 277076930199554
I0125 15:17:51.084789 32814 thread.cpp:77] thread 64 construct actor 281474976710656
I0125 15:17:51.084915 32744 tick_compute_actor.cpp:22] actor 465 switch to &TickComputeActor::HandlerNormal
I0125 15:17:51.084764 32756 thread.cpp:77] thread 6 construct actor 26388279066624
I0125 15:17:51.084722 32815 thread.cpp:77] thread 65 construct actor 285873023221760
I0125 15:17:51.084726 32817 thread.cpp:77] thread 67 construct actor 294669116243968
I0125 15:17:51.085006 32744 runtime_context.cpp:27] DecreaseCounter constructing_actor_cnt, current val is 504
I0125 15:17:51.085289 32744 thread.cpp:77] thread 0 construct actor 0
I0125 15:17:51.085635 32815 normal_forward_compute_actor.cpp:28] actor 285873023221760 switch to &NormalForwardCompActor::HandlerNormal
I0125 15:17:51.085718 32817 sink_compute_actor.cpp:21] actor 294669116243968 switch to &SinkCompActor::HandlerNormal
I0125 15:17:51.085741 32815 runtime_context.cpp:27] DecreaseCounter constructing_actor_cnt, current val is 503
I0125 15:17:51.085784 32817 runtime_context.cpp:27] DecreaseCounter constructing_actor_cnt, current val is 502
I0125 15:17:51.086211 32813 tick_compute_actor.cpp:22] actor 277076930199554 switch to &TickComputeActor::HandlerNormal
I0125 15:17:51.086223 32756 normal_forward_compute_actor.cpp:28] actor 26388279066624 switch to &NormalForwardCompActor::HandlerNormal
I0125 15:17:51.086319 32814 normal_forward_compute_actor.cpp:28] actor 281474976710656 switch to &NormalForwardCompActor::HandlerNormal
I0125 15:17:51.086463 32756 runtime_context.cpp:27] DecreaseCounter constructing_actor_cnt, current val is 500
I0125 15:17:51.086391 32744 normal_forward_compute_actor.cpp:28] actor 0 switch to &NormalForwardCompActor::HandlerNormal
I0125 15:17:51.086513 32814 runtime_context.cpp:27] DecreaseCounter constructing_actor_cnt, current val is 499
I0125 15:17:51.086495 32756 thread.cpp:77] thread 6 construct actor 26388279066625
I0125 15:17:51.086557 32744 runtime_context.cpp:27] DecreaseCounter constructing_actor_cnt, current val is 498
I0125 15:17:51.086354 32813 runtime_context.cpp:27] DecreaseCounter constructing_actor_cnt, current val is 501
I0125 15:17:51.086582 32744 thread.cpp:77] thread 0 construct actor 1
I0125 15:17:51.086640 32813 thread.cpp:77] thread 63 construct actor 277076930199555
I0125 15:17:51.087188 32748 copy_hd_actor.cpp:23] actor 8796093022208 switch to &CopyHdActor::HandlerNormal
I0125 15:17:51.087318 32748 runtime_context.cpp:27] DecreaseCounter constructing_actor_cnt, current val is 497
I0125 15:17:51.087355 32748 thread.cpp:77] thread 2 construct actor 8796093022209
I0125 15:17:51.087493 32756 normal_forward_compute_actor.cpp:28] actor 26388279066625 switch to &NormalForwardCompActor::HandlerNormal
I0125 15:17:51.087554 32744 normal_forward_compute_actor.cpp:28] actor 1 switch to &NormalForwardCompActor::HandlerNormal
I0125 15:17:51.087579 32756 runtime_context.cpp:27] DecreaseCounter constructing_actor_cnt, current val is 496
I0125 15:17:51.087618 32744 runtime_context.cpp:27] DecreaseCounter constructing_actor_cnt, current val is 495
I0125 15:17:51.087637 32744 thread.cpp:77] thread 0 construct actor 2
I0125 15:17:51.088065 32813 tick_compute_actor.cpp:22] actor 277076930199555 switch to &TickComputeActor::HandlerNormal
I0125 15:17:51.088181 32813 runtime_context.cpp:27] DecreaseCounter constructing_actor_cnt, current val is 494
I0125 15:17:51.088232 32813 thread.cpp:77] thread 63 construct actor 277076930199556
I0125 15:17:51.089586 32813 tick_compute_actor.cpp:22] actor 277076930199556 switch to &TickComputeActor::HandlerNormal
I0125 15:17:51.089684 32748 copy_hd_actor.cpp:23] actor 8796093022209 switch to &CopyHdActor::HandlerNormal
I0125 15:17:51.089694 32813 runtime_context.cpp:27] DecreaseCounter constructing_actor_cnt, current val is 493
I0125 15:17:51.089753 32813 thread.cpp:77] thread 63 construct actor 277076930199593
I0125 15:17:51.089766 32748 runtime_context.cpp:27] DecreaseCounter constructing_actor_cnt, current val is 492
I0125 15:17:51.089823 32748 thread.cpp:77] thread 2 construct actor 8796093022210
I0125 15:17:51.090335 32744 normal_forward_compute_actor.cpp:28] actor 2 switch to &NormalForwardCompActor::HandlerNormal
I0125 15:17:51.090461 32744 runtime_context.cpp:27] DecreaseCounter constructing_actor_cnt, current val is 491
I0125 15:17:51.090483 32744 thread.cpp:77] thread 0 construct actor 3
I0125 15:17:51.091189 32813 esac_compute_actor.cpp:36] actor 277076930199593 switch to &EsacCompActor::HandlerNormal
I0125 15:17:51.091297 32813 runtime_context.cpp:27] DecreaseCounter constructing_actor_cnt, current val is 490
I0125 15:17:51.091331 32813 thread.cpp:77] thread 63 construct actor 277076930199558
I0125 15:17:51.091348 32744 normal_forward_compute_actor.cpp:28] actor 3 switch to &NormalForwardCompActor::HandlerNormal
I0125 15:17:51.091418 32744 runtime_context.cpp:27] DecreaseCounter constructing_actor_cnt, current val is 489
I0125 15:17:51.091454 32744 thread.cpp:77] thread 0 construct actor 4
I0125 15:17:51.092155 32748 copy_hd_actor.cpp:23] actor 8796093022210 switch to &CopyHdActor::HandlerNormal
I0125 15:17:51.092293 32748 runtime_context.cpp:27] DecreaseCounter constructing_actor_cnt, current val is 488
I0125 15:17:51.092329 32744 normal_forward_compute_actor.cpp:28] actor 4 switch to &NormalForwardCompActor::HandlerNormal
I0125 15:17:51.092367 32748 thread.cpp:77] thread 2 construct actor 8796093022211
I0125 15:17:51.092429 32744 runtime_context.cpp:27] DecreaseCounter constructing_actor_cnt, current val is 487
I0125 15:17:51.092594 32744 thread.cpp:77] thread 0 construct actor 5
I0125 15:17:51.092744 32813 tick_compute_actor.cpp:22] actor 277076930199558 switch to &TickComputeActor::HandlerNormal
I0125 15:17:51.092850 32813 runtime_context.cpp:27] DecreaseCounter constructing_actor_cnt, current val is 486
I0125 15:17:51.092887 32813 thread.cpp:77] thread 63 construct actor 277076930199559
I0125 15:17:51.093441 32744 normal_forward_compute_actor.cpp:28] actor 5 switch to &NormalForwardCompActor::HandlerNormal
I0125 15:17:51.093520 32744 runtime_context.cpp:27] DecreaseCounter constructing_actor_cnt, current val is 485
I0125 15:17:51.093539 32744 thread.cpp:77] thread 0 construct actor 6
I0125 15:17:51.094267 32813 tick_compute_actor.cpp:22] actor 277076930199559 switch to &TickComputeActor::HandlerNormal
I0125 15:17:51.094369 32813 runtime_context.cpp:27] DecreaseCounter constructing_actor_cnt, current val is 484
I0125 15:17:51.094383 32744 normal_forward_compute_actor.cpp:28] actor 6 switch to &NormalForwardCompActor::HandlerNormal
I0125 15:17:51.094422 32813 thread.cpp:77] thread 63 construct actor 277076930199560
I0125 15:17:51.094485 32744 runtime_context.cpp:27] DecreaseCounter constructing_actor_cnt, current val is 483
I0125 15:17:51.094506 32744 thread.cpp:77] thread 0 construct actor 7
I0125 15:17:51.094908 32748 copy_hd_actor.cpp:23] actor 8796093022211 switch to &CopyHdActor::HandlerNormal
I0125 15:17:51.095017 32748 runtime_context.cpp:27] DecreaseCounter constructing_actor_cnt, current val is 482
I0125 15:17:51.095587 32813 tick_compute_actor.cpp:22] actor 277076930199560 switch to &TickComputeActor::HandlerNormal
I0125 15:17:51.095664 32813 runtime_context.cpp:27] DecreaseCounter constructing_actor_cnt, current val is 481
I0125 15:17:51.095685 32813 thread.cpp:77] thread 63 construct actor 277076930199592
I0125 15:17:51.096570 32744 normal_forward_compute_actor.cpp:28] actor 7 switch to &NormalForwardCompActor::HandlerNormal
I0125 15:17:51.096597 32813 esac_compute_actor.cpp:36] actor 277076930199592 switch to &EsacCompActor::HandlerNormal
I0125 15:17:51.096711 32813 runtime_context.cpp:27] DecreaseCounter constructing_actor_cnt, current val is 480
I0125 15:17:51.096730 32813 thread.cpp:77] thread 63 construct actor 277076930199563
I0125 15:17:51.096745 32744 runtime_context.cpp:27] DecreaseCounter constructing_actor_cnt, current val is 479
I0125 15:17:51.096777 32744 thread.cpp:77] thread 0 construct actor 8
I0125 15:17:51.097579 32744 normal_forward_compute_actor.cpp:28] actor 8 switch to &NormalForwardCompActor::HandlerNormal
I0125 15:17:51.097625 32813 tick_compute_actor.cpp:22] actor 277076930199563 switch to &TickComputeActor::HandlerNormal
I0125 15:17:51.097652 32744 runtime_context.cpp:27] DecreaseCounter constructing_actor_cnt, current val is 478
I0125 15:17:51.097671 32744 thread.cpp:77] thread 0 construct actor 9
I0125 15:17:51.097682 32813 runtime_context.cpp:27] DecreaseCounter constructing_actor_cnt, current val is 477
I0125 15:17:51.097702 32813 thread.cpp:77] thread 63 construct actor 277076930199564
I0125 15:17:51.098572 32813 tick_compute_actor.cpp:22] actor 277076930199564 switch to &TickComputeActor::HandlerNormal
I0125 15:17:51.098647 32813 runtime_context.cpp:27] DecreaseCounter constructing_actor_cnt, current val is 476
I0125 15:17:51.098666 32813 thread.cpp:77] thread 63 construct actor 277076930199565
I0125 15:17:51.099493 32813 tick_compute_actor.cpp:22] actor 277076930199565 switch to &TickComputeActor::HandlerNormal
I0125 15:17:51.099565 32813 runtime_context.cpp:27] DecreaseCounter constructing_actor_cnt, current val is 475
I0125 15:17:51.099584 32813 thread.cpp:77] thread 63 construct actor 277076930199591
I0125 15:17:51.100085 32744 normal_forward_compute_actor.cpp:28] actor 9 switch to &NormalForwardCompActor::HandlerNormal
I0125 15:17:51.100208 32744 runtime_context.cpp:27] DecreaseCounter constructing_actor_cnt, current val is 474
I0125 15:17:51.100231 32744 thread.cpp:77] thread 0 construct actor 10
I0125 15:17:51.100426 32813 tick_compute_actor.cpp:22] actor 277076930199591 switch to &TickComputeActor::HandlerNormal
I0125 15:17:51.100505 32813 runtime_context.cpp:27] DecreaseCounter constructing_actor_cnt, current val is 473
I0125 15:17:51.100538 32813 thread.cpp:77] thread 63 construct actor 277076930199567
I0125 15:17:51.101104 32744 normal_forward_compute_actor.cpp:28] actor 10 switch to &NormalForwardCompActor::HandlerNormal
I0125 15:17:51.101186 32744 runtime_context.cpp:27] DecreaseCounter constructing_actor_cnt, current val is 472
I0125 15:17:51.101207 32744 thread.cpp:77] thread 0 construct actor 11
I0125 15:17:51.101416 32813 tick_compute_actor.cpp:22] actor 277076930199567 switch to &TickComputeActor::HandlerNormal
I0125 15:17:51.101485 32813 runtime_context.cpp:27] DecreaseCounter constructing_actor_cnt, current val is 471
I0125 15:17:51.101505 32813 thread.cpp:77] thread 63 construct actor 277076930199568
I0125 15:17:51.101991 32744 normal_forward_compute_actor.cpp:28] actor 11 switch to &NormalForwardCompActor::HandlerNormal
I0125 15:17:51.102062 32744 runtime_context.cpp:27] DecreaseCounter constructing_actor_cnt, current val is 470
I0125 15:17:51.102080 32744 thread.cpp:77] thread 0 construct actor 12
I0125 15:17:51.102352 32813 tick_compute_actor.cpp:22] actor 277076930199568 switch to &TickComputeActor::HandlerNormal
I0125 15:17:51.102425 32813 runtime_context.cpp:27] DecreaseCounter constructing_actor_cnt, current val is 469
I0125 15:17:51.102444 32813 thread.cpp:77] thread 63 construct actor 277076930199569
I0125 15:17:51.102859 32744 normal_forward_compute_actor.cpp:28] actor 12 switch to &NormalForwardCompActor::HandlerNormal
I0125 15:17:51.102929 32744 runtime_context.cpp:27] DecreaseCounter constructing_actor_cnt, current val is 468
I0125 15:17:51.102947 32744 thread.cpp:77] thread 0 construct actor 13
I0125 15:17:51.103309 32813 tick_compute_actor.cpp:22] actor 277076930199569 switch to &TickComputeActor::HandlerNormal
I0125 15:17:51.103384 32813 runtime_context.cpp:27] DecreaseCounter constructing_actor_cnt, current val is 467
I0125 15:17:51.103415 32813 thread.cpp:77] thread 63 construct actor 277076930199590
I0125 15:17:51.103731 32744 normal_forward_compute_actor.cpp:28] actor 13 switch to &NormalForwardCompActor::HandlerNormal
I0125 15:17:51.103801 32744 runtime_context.cpp:27] DecreaseCounter constructing_actor_cnt, current val is 466
I0125 15:17:51.103819 32744 thread.cpp:77] thread 0 construct actor 14
I0125 15:17:51.104279 32813 tick_compute_actor.cpp:22] actor 277076930199590 switch to &TickComputeActor::HandlerNormal
I0125 15:17:51.104354 32813 runtime_context.cpp:27] DecreaseCounter constructing_actor_cnt, current val is 465
I0125 15:17:51.104373 32813 thread.cpp:77] thread 63 construct actor 277076930199571
I0125 15:17:51.105233 32813 tick_compute_actor.cpp:22] actor 277076930199571 switch to &TickComputeActor::HandlerNormal
I0125 15:17:51.105309 32813 runtime_context.cpp:27] DecreaseCounter constructing_actor_cnt, current val is 464
I0125 15:17:51.105327 32813 thread.cpp:77] thread 63 construct actor 277076930199572
I0125 15:17:51.106122 32813 tick_compute_actor.cpp:22] actor 277076930199572 switch to &TickComputeActor::HandlerNormal
I0125 15:17:51.106174 32744 normal_forward_compute_actor.cpp:28] actor 14 switch to &NormalForwardCompActor::HandlerNormal
I0125 15:17:51.106196 32813 runtime_context.cpp:27] DecreaseCounter constructing_actor_cnt, current val is 463
I0125 15:17:51.106230 32813 thread.cpp:77] thread 63 construct actor 277076930199573
I0125 15:17:51.106281 32744 runtime_context.cpp:27] DecreaseCounter constructing_actor_cnt, current val is 462
I0125 15:17:51.106315 32744 thread.cpp:77] thread 0 construct actor 15
I0125 15:17:51.107033 32813 tick_compute_actor.cpp:22] actor 277076930199573 switch to &TickComputeActor::HandlerNormal
I0125 15:17:51.107106 32813 runtime_context.cpp:27] DecreaseCounter constructing_actor_cnt, current val is 461
I0125 15:17:51.107125 32813 thread.cpp:77] thread 63 construct actor 277076930199589
I0125 15:17:51.107643 32744 normal_forward_compute_actor.cpp:28] actor 15 switch to &NormalForwardCompActor::HandlerNormal
I0125 15:17:51.107743 32744 runtime_context.cpp:27] DecreaseCounter constructing_actor_cnt, current val is 460
I0125 15:17:51.107762 32744 thread.cpp:77] thread 0 construct actor 16
I0125 15:17:51.107997 32813 tick_compute_actor.cpp:22] actor 277076930199589 switch to &TickComputeActor::HandlerNormal
I0125 15:17:51.108072 32813 runtime_context.cpp:27] DecreaseCounter constructing_actor_cnt, current val is 459
I0125 15:17:51.108089 32813 thread.cpp:77] thread 63 construct actor 277076930199576
I0125 15:17:51.108904 32813 tick_compute_actor.cpp:22] actor 277076930199576 switch to &TickComputeActor::HandlerNormal
I0125 15:17:51.108978 32813 runtime_context.cpp:27] DecreaseCounter constructing_actor_cnt, current val is 458
I0125 15:17:51.108995 32813 thread.cpp:77] thread 63 construct actor 277076930199577
I0125 15:17:51.108997 32744 normal_forward_compute_actor.cpp:28] actor 16 switch to &NormalForwardCompActor::HandlerNormal
I0125 15:17:51.109084 32744 runtime_context.cpp:27] DecreaseCounter constructing_actor_cnt, current val is 457
I0125 15:17:51.109115 32744 thread.cpp:77] thread 0 construct actor 17
I0125 15:17:51.109805 32813 tick_compute_actor.cpp:22] actor 277076930199577 switch to &TickComputeActor::HandlerNormal
I0125 15:17:51.109874 32813 runtime_context.cpp:27] DecreaseCounter constructing_actor_cnt, current val is 456
I0125 15:17:51.109875 32744 normal_forward_compute_actor.cpp:28] actor 17 switch to &NormalForwardCompActor::HandlerNormal
I0125 15:17:51.109910 32813 thread.cpp:77] thread 63 construct actor 277076930199578
I0125 15:17:51.109959 32744 runtime_context.cpp:27] DecreaseCounter constructing_actor_cnt, current val is 455
I0125 15:17:51.109977 32744 thread.cpp:77] thread 0 construct actor 18
I0125 15:17:51.110744 32813 tick_compute_actor.cpp:22] actor 277076930199578 switch to &TickComputeActor::HandlerNormal
I0125 15:17:51.110816 32813 runtime_context.cpp:27] DecreaseCounter constructing_actor_cnt, current val is 454
I0125 15:17:51.110834 32813 thread.cpp:77] thread 63 construct actor 277076930199588
I0125 15:17:51.111634 32813 tick_compute_actor.cpp:22] actor 277076930199588 switch to &TickComputeActor::HandlerNormal
I0125 15:17:51.111703 32813 runtime_context.cpp:27] DecreaseCounter constructing_actor_cnt, current val is 453
I0125 15:17:51.111721 32813 thread.cpp:77] thread 63 construct actor 277076930199581
I0125 15:17:51.112308 32744 normal_forward_compute_actor.cpp:28] actor 18 switch to &NormalForwardCompActor::HandlerNormal
I0125 15:17:51.112412 32744 runtime_context.cpp:27] DecreaseCounter constructing_actor_cnt, current val is 452
I0125 15:17:51.112432 32744 thread.cpp:77] thread 0 construct actor 19
I0125 15:17:51.112540 32813 tick_compute_actor.cpp:22] actor 277076930199581 switch to &TickComputeActor::HandlerNormal
I0125 15:17:51.112593 32813 runtime_context.cpp:27] DecreaseCounter constructing_actor_cnt, current val is 451
I0125 15:17:51.112623 32813 thread.cpp:77] thread 63 construct actor 277076930199582
I0125 15:17:51.113184 32744 normal_forward_compute_actor.cpp:28] actor 19 switch to &NormalForwardCompActor::HandlerNormal
I0125 15:17:51.113255 32744 runtime_context.cpp:27] DecreaseCounter constructing_actor_cnt, current val is 450
I0125 15:17:51.113272 32744 thread.cpp:77] thread 0 construct actor 20
I0125 15:17:51.113422 32813 tick_compute_actor.cpp:22] actor 277076930199582 switch to &TickComputeActor::HandlerNormal
I0125 15:17:51.113490 32813 runtime_context.cpp:27] DecreaseCounter constructing_actor_cnt, current val is 449
I0125 15:17:51.113508 32813 thread.cpp:77] thread 63 construct actor 277076930199583
I0125 15:17:51.114006 32744 normal_forward_compute_actor.cpp:28] actor 20 switch to &NormalForwardCompActor::HandlerNormal
I0125 15:17:51.114071 32744 runtime_context.cpp:27] DecreaseCounter constructing_actor_cnt, current val is 448
I0125 15:17:51.114089 32744 thread.cpp:77] thread 0 construct actor 21
I0125 15:17:51.114310 32813 reentrant_lock_compute_actor.cpp:37] actor 277076930199583 switch to &ReentrantLockCompActor::HandlerNormal
I0125 15:17:51.114430 32813 runtime_context.cpp:27] DecreaseCounter constructing_actor_cnt, current val is 447
I0125 15:17:51.114459 32813 thread.cpp:77] thread 63 construct actor 277076930199584
I0125 15:17:51.114827 32744 normal_forward_compute_actor.cpp:28] actor 21 switch to &NormalForwardCompActor::HandlerNormal
I0125 15:17:51.114895 32744 runtime_context.cpp:27] DecreaseCounter constructing_actor_cnt, current val is 446
I0125 15:17:51.114912 32744 thread.cpp:77] thread 0 construct actor 22
I0125 15:17:51.115633 32744 normal_forward_compute_actor.cpp:28] actor 22 switch to &NormalForwardCompActor::HandlerNormal
I0125 15:17:51.115700 32744 runtime_context.cpp:27] DecreaseCounter constructing_actor_cnt, current val is 445
I0125 15:17:51.115728 32744 thread.cpp:77] thread 0 construct actor 23
I0125 15:17:51.117892 32744 normal_forward_compute_actor.cpp:28] actor 23 switch to &NormalForwardCompActor::HandlerNormal
I0125 15:17:51.117998 32744 runtime_context.cpp:27] DecreaseCounter constructing_actor_cnt, current val is 444
I0125 15:17:51.118016 32744 thread.cpp:77] thread 0 construct actor 24
I0125 15:17:51.118567 32813 case_compute_actor.cpp:31] actor 277076930199584 switch to &CaseCompActor::HandlerNormal
I0125 15:17:51.118666 32813 runtime_context.cpp:27] DecreaseCounter constructing_actor_cnt, current val is 443
I0125 15:17:51.118685 32813 thread.cpp:77] thread 63 construct actor 277076930199585
I0125 15:17:51.118736 32744 normal_forward_compute_actor.cpp:28] actor 24 switch to &NormalForwardCompActor::HandlerNormal
I0125 15:17:51.118801 32744 runtime_context.cpp:27] DecreaseCounter constructing_actor_cnt, current val is 442
I0125 15:17:51.118819 32744 thread.cpp:77] thread 0 construct actor 25
I0125 15:17:51.119464 32813 tick_compute_actor.cpp:22] actor 277076930199585 switch to &TickComputeActor::HandlerNormal
I0125 15:17:51.119532 32813 runtime_context.cpp:27] DecreaseCounter constructing_actor_cnt, current val is 441
I0125 15:17:51.119561 32813 thread.cpp:77] thread 63 construct actor 277076930199586
I0125 15:17:51.120318 32813 tick_compute_actor.cpp:22] actor 277076930199586 switch to &TickComputeActor::HandlerNormal
I0125 15:17:51.120371 32813 runtime_context.cpp:27] DecreaseCounter constructing_actor_cnt, current val is 440
I0125 15:17:51.120386 32813 thread.cpp:77] thread 63 construct actor 277076930199587
I0125 15:17:51.121006 32744 normal_forward_compute_actor.cpp:28] actor 25 switch to &NormalForwardCompActor::HandlerNormal
I0125 15:17:51.121102 32744 runtime_context.cpp:27] DecreaseCounter constructing_actor_cnt, current val is 439
I0125 15:17:51.121120 32744 thread.cpp:77] thread 0 construct actor 26
I0125 15:17:51.121150 32813 tick_compute_actor.cpp:22] actor 277076930199587 switch to &TickComputeActor::HandlerNormal
I0125 15:17:51.121207 32813 runtime_context.cpp:27] DecreaseCounter constructing_actor_cnt, current val is 438
I0125 15:17:51.121433 32816 wait_and_send_ids_compute_actor.cpp:27] actor 290271069732864 switch to &WaitAndSendIdsCompActor::HandlerWaitToStart
I0125 15:17:51.121510 32816 runtime_context.cpp:27] DecreaseCounter constructing_actor_cnt, current val is 437
I0125 15:17:51.121870 32744 normal_forward_compute_actor.cpp:28] actor 26 switch to &NormalForwardCompActor::HandlerNormal
I0125 15:17:51.121922 32744 runtime_context.cpp:27] DecreaseCounter constructing_actor_cnt, current val is 436
I0125 15:17:51.121937 32744 thread.cpp:77] thread 0 construct actor 27
I0125 15:17:51.122623 32744 normal_forward_compute_actor.cpp:28] actor 27 switch to &NormalForwardCompActor::HandlerNormal
I0125 15:17:51.122673 32744 runtime_context.cpp:27] DecreaseCounter constructing_actor_cnt, current val is 435
I0125 15:17:51.122689 32744 thread.cpp:77] thread 0 construct actor 28
I0125 15:17:51.123369 32744 normal_forward_compute_actor.cpp:28] actor 28 switch to &NormalForwardCompActor::HandlerNormal
I0125 15:17:51.123418 32744 runtime_context.cpp:27] DecreaseCounter constructing_actor_cnt, current val is 434
I0125 15:17:51.123433 32744 thread.cpp:77] thread 0 construct actor 29
I0125 15:17:51.124161 32744 normal_forward_compute_actor.cpp:28] actor 29 switch to &NormalForwardCompActor::HandlerNormal
I0125 15:17:51.124224 32744 runtime_context.cpp:27] DecreaseCounter constructing_actor_cnt, current val is 433
I0125 15:17:51.124240 32744 thread.cpp:77] thread 0 construct actor 30
I0125 15:17:51.126297 32744 normal_forward_compute_actor.cpp:28] actor 30 switch to &NormalForwardCompActor::HandlerNormal
I0125 15:17:51.126385 32744 runtime_context.cpp:27] DecreaseCounter constructing_actor_cnt, current val is 432
I0125 15:17:51.126402 32744 thread.cpp:77] thread 0 construct actor 31
I0125 15:17:51.127655 32744 normal_forward_compute_actor.cpp:28] actor 31 switch to &NormalForwardCompActor::HandlerNormal
I0125 15:17:51.127722 32744 runtime_context.cpp:27] DecreaseCounter constructing_actor_cnt, current val is 431
I0125 15:17:51.127738 32744 thread.cpp:77] thread 0 construct actor 32
I0125 15:17:51.128829 32744 normal_forward_compute_actor.cpp:28] actor 32 switch to &NormalForwardCompActor::HandlerNormal
I0125 15:17:51.128891 32744 runtime_context.cpp:27] DecreaseCounter constructing_actor_cnt, current val is 430
I0125 15:17:51.128906 32744 thread.cpp:77] thread 0 construct actor 33
I0125 15:17:51.129575 32744 normal_forward_compute_actor.cpp:28] actor 33 switch to &NormalForwardCompActor::HandlerNormal
I0125 15:17:51.129626 32744 runtime_context.cpp:27] DecreaseCounter constructing_actor_cnt, current val is 429
I0125 15:17:51.129640 32744 thread.cpp:77] thread 0 construct actor 34
I0125 15:17:51.131703 32744 normal_forward_compute_actor.cpp:28] actor 34 switch to &NormalForwardCompActor::HandlerNormal
I0125 15:17:51.131785 32744 runtime_context.cpp:27] DecreaseCounter constructing_actor_cnt, current val is 428
I0125 15:17:51.131801 32744 thread.cpp:77] thread 0 construct actor 35
I0125 15:17:51.132465 32744 normal_forward_compute_actor.cpp:28] actor 35 switch to &NormalForwardCompActor::HandlerNormal
I0125 15:17:51.132514 32744 runtime_context.cpp:27] DecreaseCounter constructing_actor_cnt, current val is 427
I0125 15:17:51.132529 32744 thread.cpp:77] thread 0 construct actor 36
I0125 15:17:51.133183 32744 normal_forward_compute_actor.cpp:28] actor 36 switch to &NormalForwardCompActor::HandlerNormal
I0125 15:17:51.133230 32744 runtime_context.cpp:27] DecreaseCounter constructing_actor_cnt, current val is 426
I0125 15:17:51.133245 32744 thread.cpp:77] thread 0 construct actor 37
I0125 15:17:51.133882 32744 normal_forward_compute_actor.cpp:28] actor 37 switch to &NormalForwardCompActor::HandlerNormal
I0125 15:17:51.133929 32744 runtime_context.cpp:27] DecreaseCounter constructing_actor_cnt, current val is 425
I0125 15:17:51.133944 32744 thread.cpp:77] thread 0 construct actor 38
I0125 15:17:51.134589 32744 normal_forward_compute_actor.cpp:28] actor 38 switch to &NormalForwardCompActor::HandlerNormal
I0125 15:17:51.134637 32744 runtime_context.cpp:27] DecreaseCounter constructing_actor_cnt, current val is 424
I0125 15:17:51.134652 32744 thread.cpp:77] thread 0 construct actor 39
I0125 15:17:51.136597 32744 normal_forward_compute_actor.cpp:28] actor 39 switch to &NormalForwardCompActor::HandlerNormal
I0125 15:17:51.136680 32744 runtime_context.cpp:27] DecreaseCounter constructing_actor_cnt, current val is 423
I0125 15:17:51.136696 32744 thread.cpp:77] thread 0 construct actor 40
I0125 15:17:51.137372 32744 normal_forward_compute_actor.cpp:28] actor 40 switch to &NormalForwardCompActor::HandlerNormal
I0125 15:17:51.137421 32744 runtime_context.cpp:27] DecreaseCounter constructing_actor_cnt, current val is 422
I0125 15:17:51.137435 32744 thread.cpp:77] thread 0 construct actor 41
I0125 15:17:51.139456 32744 normal_forward_compute_actor.cpp:28] actor 41 switch to &NormalForwardCompActor::HandlerNormal
I0125 15:17:51.139528 32744 runtime_context.cpp:27] DecreaseCounter constructing_actor_cnt, current val is 421
I0125 15:17:51.139544 32744 thread.cpp:77] thread 0 construct actor 42
I0125 15:17:51.140175 32744 normal_forward_compute_actor.cpp:28] actor 42 switch to &NormalForwardCompActor::HandlerNormal
I0125 15:17:51.140269 32744 runtime_context.cpp:27] DecreaseCounter constructing_actor_cnt, current val is 420
I0125 15:17:51.140291 32744 thread.cpp:77] thread 0 construct actor 43
I0125 15:17:51.140925 32744 normal_forward_compute_actor.cpp:28] actor 43 switch to &NormalForwardCompActor::HandlerNormal
I0125 15:17:51.140974 32744 runtime_context.cpp:27] DecreaseCounter constructing_actor_cnt, current val is 419
I0125 15:17:51.140988 32744 thread.cpp:77] thread 0 construct actor 44
I0125 15:17:51.141603 32744 normal_forward_compute_actor.cpp:28] actor 44 switch to &NormalForwardCompActor::HandlerNormal
I0125 15:17:51.141649 32744 runtime_context.cpp:27] DecreaseCounter constructing_actor_cnt, current val is 418
I0125 15:17:51.141664 32744 thread.cpp:77] thread 0 construct actor 45
I0125 15:17:51.142284 32744 normal_forward_compute_actor.cpp:28] actor 45 switch to &NormalForwardCompActor::HandlerNormal
I0125 15:17:51.142329 32744 runtime_context.cpp:27] DecreaseCounter constructing_actor_cnt, current val is 417
I0125 15:17:51.142343 32744 thread.cpp:77] thread 0 construct actor 46
I0125 15:17:51.144201 32744 normal_forward_compute_actor.cpp:28] actor 46 switch to &NormalForwardCompActor::HandlerNormal
I0125 15:17:51.144280 32744 runtime_context.cpp:27] DecreaseCounter constructing_actor_cnt, current val is 416
I0125 15:17:51.144295 32744 thread.cpp:77] thread 0 construct actor 47
I0125 15:17:51.144927 32744 normal_forward_compute_actor.cpp:28] actor 47 switch to &NormalForwardCompActor::HandlerNormal
I0125 15:17:51.144973 32744 runtime_context.cpp:27] DecreaseCounter constructing_actor_cnt, current val is 415
I0125 15:17:51.144986 32744 thread.cpp:77] thread 0 construct actor 48
I0125 15:17:51.145612 32744 normal_forward_compute_actor.cpp:28] actor 48 switch to &NormalForwardCompActor::HandlerNormal
I0125 15:17:51.145658 32744 runtime_context.cpp:27] DecreaseCounter constructing_actor_cnt, current val is 414
I0125 15:17:51.145671 32744 thread.cpp:77] thread 0 construct actor 49
I0125 15:17:51.146282 32744 normal_forward_compute_actor.cpp:28] actor 49 switch to &NormalForwardCompActor::HandlerNormal
I0125 15:17:51.146328 32744 runtime_context.cpp:27] DecreaseCounter constructing_actor_cnt, current val is 413
I0125 15:17:51.146342 32744 thread.cpp:77] thread 0 construct actor 50
I0125 15:17:51.146944 32744 normal_forward_compute_actor.cpp:28] actor 50 switch to &NormalForwardCompActor::HandlerNormal
I0125 15:17:51.146989 32744 runtime_context.cpp:27] DecreaseCounter constructing_actor_cnt, current val is 412
I0125 15:17:51.147003 32744 thread.cpp:77] thread 0 construct actor 51
I0125 15:17:51.148584 32744 normal_forward_compute_actor.cpp:28] actor 51 switch to &NormalForwardCompActor::HandlerNormal
I0125 15:17:51.148664 32744 runtime_context.cpp:27] DecreaseCounter constructing_actor_cnt, current val is 411
I0125 15:17:51.148680 32744 thread.cpp:77] thread 0 construct actor 52
I0125 15:17:51.149765 32744 normal_forward_compute_actor.cpp:28] actor 52 switch to &NormalForwardCompActor::HandlerNormal
I0125 15:17:51.149827 32744 runtime_context.cpp:27] DecreaseCounter constructing_actor_cnt, current val is 410
I0125 15:17:51.149842 32744 thread.cpp:77] thread 0 construct actor 53
I0125 15:17:51.150905 32744 normal_forward_compute_actor.cpp:28] actor 53 switch to &NormalForwardCompActor::HandlerNormal
I0125 15:17:51.150967 32744 runtime_context.cpp:27] DecreaseCounter constructing_actor_cnt, current val is 409
I0125 15:17:51.150981 32744 thread.cpp:77] thread 0 construct actor 54
I0125 15:17:51.151981 32744 normal_forward_compute_actor.cpp:28] actor 54 switch to &NormalForwardCompActor::HandlerNormal
I0125 15:17:51.152038 32744 runtime_context.cpp:27] DecreaseCounter constructing_actor_cnt, current val is 408
I0125 15:17:51.152053 32744 thread.cpp:77] thread 0 construct actor 55
I0125 15:17:51.152664 32744 normal_forward_compute_actor.cpp:28] actor 55 switch to &NormalForwardCompActor::HandlerNormal
I0125 15:17:51.152710 32744 runtime_context.cpp:27] DecreaseCounter constructing_actor_cnt, current val is 407
I0125 15:17:51.152755 32744 thread.cpp:77] thread 0 construct actor 56
I0125 15:17:51.154639 32744 normal_forward_compute_actor.cpp:28] actor 56 switch to &NormalForwardCompActor::HandlerNormal
I0125 15:17:51.154711 32744 runtime_context.cpp:27] DecreaseCounter constructing_actor_cnt, current val is 406
I0125 15:17:51.154726 32744 thread.cpp:77] thread 0 construct actor 57
I0125 15:17:51.155326 32744 normal_forward_compute_actor.cpp:28] actor 57 switch to &NormalForwardCompActor::HandlerNormal
I0125 15:17:51.155373 32744 runtime_context.cpp:27] DecreaseCounter constructing_actor_cnt, current val is 405
I0125 15:17:51.155387 32744 thread.cpp:77] thread 0 construct actor 58
I0125 15:17:51.155977 32744 normal_forward_compute_actor.cpp:28] actor 58 switch to &NormalForwardCompActor::HandlerNormal
I0125 15:17:51.156020 32744 runtime_context.cpp:27] DecreaseCounter constructing_actor_cnt, current val is 404
I0125 15:17:51.156033 32744 thread.cpp:77] thread 0 construct actor 59
I0125 15:17:51.156620 32744 normal_forward_compute_actor.cpp:28] actor 59 switch to &NormalForwardCompActor::HandlerNormal
I0125 15:17:51.156664 32744 runtime_context.cpp:27] DecreaseCounter constructing_actor_cnt, current val is 403
I0125 15:17:51.156677 32744 thread.cpp:77] thread 0 construct actor 60
I0125 15:17:51.157272 32744 normal_forward_compute_actor.cpp:28] actor 60 switch to &NormalForwardCompActor::HandlerNormal
I0125 15:17:51.157317 32744 runtime_context.cpp:27] DecreaseCounter constructing_actor_cnt, current val is 402
I0125 15:17:51.157330 32744 thread.cpp:77] thread 0 construct actor 61
I0125 15:17:51.159086 32744 normal_forward_compute_actor.cpp:28] actor 61 switch to &NormalForwardCompActor::HandlerNormal
I0125 15:17:51.159163 32744 runtime_context.cpp:27] DecreaseCounter constructing_actor_cnt, current val is 401
I0125 15:17:51.159188 32744 thread.cpp:77] thread 0 construct actor 62
I0125 15:17:51.159795 32744 normal_forward_compute_actor.cpp:28] actor 62 switch to &NormalForwardCompActor::HandlerNormal
I0125 15:17:51.159838 32744 runtime_context.cpp:27] DecreaseCounter constructing_actor_cnt, current val is 400
I0125 15:17:51.159850 32744 thread.cpp:77] thread 0 construct actor 63
I0125 15:17:51.161639 32744 normal_forward_compute_actor.cpp:28] actor 63 switch to &NormalForwardCompActor::HandlerNormal
I0125 15:17:51.161707 32744 runtime_context.cpp:27] DecreaseCounter constructing_actor_cnt, current val is 399
I0125 15:17:51.161721 32744 thread.cpp:77] thread 0 construct actor 64
I0125 15:17:51.162298 32744 normal_forward_compute_actor.cpp:28] actor 64 switch to &NormalForwardCompActor::HandlerNormal
I0125 15:17:51.162343 32744 runtime_context.cpp:27] DecreaseCounter constructing_actor_cnt, current val is 398
I0125 15:17:51.162354 32744 thread.cpp:77] thread 0 construct actor 65
I0125 15:17:51.162915 32744 normal_forward_compute_actor.cpp:28] actor 65 switch to &NormalForwardCompActor::HandlerNormal
I0125 15:17:51.162957 32744 runtime_context.cpp:27] DecreaseCounter constructing_actor_cnt, current val is 397
I0125 15:17:51.162969 32744 thread.cpp:77] thread 0 construct actor 66
I0125 15:17:51.163532 32744 normal_forward_compute_actor.cpp:28] actor 66 switch to &NormalForwardCompActor::HandlerNormal
I0125 15:17:51.163573 32744 runtime_context.cpp:27] DecreaseCounter constructing_actor_cnt, current val is 396
I0125 15:17:51.163585 32744 thread.cpp:77] thread 0 construct actor 67
I0125 15:17:51.164144 32744 normal_forward_compute_actor.cpp:28] actor 67 switch to &NormalForwardCompActor::HandlerNormal
I0125 15:17:51.164193 32744 runtime_context.cpp:27] DecreaseCounter constructing_actor_cnt, current val is 395
I0125 15:17:51.164207 32744 thread.cpp:77] thread 0 construct actor 68
I0125 15:17:51.165894 32744 normal_forward_compute_actor.cpp:28] actor 68 switch to &NormalForwardCompActor::HandlerNormal
I0125 15:17:51.165967 32744 runtime_context.cpp:27] DecreaseCounter constructing_actor_cnt, current val is 394
I0125 15:17:51.165982 32744 thread.cpp:77] thread 0 construct actor 69
I0125 15:17:51.166999 32744 normal_forward_compute_actor.cpp:28] actor 69 switch to &NormalForwardCompActor::HandlerNormal
I0125 15:17:51.167088 32744 runtime_context.cpp:27] DecreaseCounter constructing_actor_cnt, current val is 393
I0125 15:17:51.167117 32744 thread.cpp:77] thread 0 construct actor 70
I0125 15:17:51.168072 32744 normal_forward_compute_actor.cpp:28] actor 70 switch to &NormalForwardCompActor::HandlerNormal
I0125 15:17:51.168129 32744 runtime_context.cpp:27] DecreaseCounter constructing_actor_cnt, current val is 392
I0125 15:17:51.168143 32744 thread.cpp:77] thread 0 construct actor 71
I0125 15:17:51.168721 32744 normal_forward_compute_actor.cpp:28] actor 71 switch to &NormalForwardCompActor::HandlerNormal
I0125 15:17:51.168766 32744 runtime_context.cpp:27] DecreaseCounter constructing_actor_cnt, current val is 391
